Archive member included to satisfy reference by file (symbol)

/usr/bin/../lib/gcc/arm-none-eabi/7.2.1/thumb/v7e-m/libgcc.a(_arm_addsubdf3.o)
                              Src/middleware/controls/mainControl/positionControl.o (__aeabi_dsub)
/usr/bin/../lib/gcc/arm-none-eabi/7.2.1/thumb/v7e-m/libgcc.a(_arm_muldivdf3.o)
                              Src/middleware/controls/mainControl/positionControl.o (__aeabi_dmul)
/usr/bin/../lib/gcc/arm-none-eabi/7.2.1/thumb/v7e-m/libgcc.a(_arm_cmpdf2.o)
                              Src/middleware/controls/mainControl/positionControl.o (__aeabi_dcmplt)
/usr/bin/../lib/gcc/arm-none-eabi/7.2.1/thumb/v7e-m/libgcc.a(_arm_fixdfsi.o)
                              Src/middleware/controls/mainControl/positionControl.o (__aeabi_d2iz)
/usr/bin/../lib/gcc/arm-none-eabi/7.2.1/thumb/v7e-m/libgcc.a(_arm_fixunsdfsi.o)
                              Src/peripherals/times_base/times_base.o (__aeabi_d2uiz)
/usr/bin/../lib/gcc/arm-none-eabi/7.2.1/thumb/v7e-m/libgcc.a(_arm_truncdfsf2.o)
                              Src/application/statistiques/statistiques.o (__aeabi_d2f)
/usr/bin/../lib/gcc/arm-none-eabi/7.2.1/thumb/v7e-m/libgcc.a(_arm_addsubsf3.o)
                              Drivers/CMSIS/DSP/Source/ControllerFunctions/arm_pid_init_f32.o (__aeabi_fsub)
/usr/bin/../lib/gcc/arm-none-eabi/7.2.1/thumb/v7e-m/libgcc.a(_arm_muldivsf3.o)
                              Drivers/CMSIS/DSP/Source/ControllerFunctions/arm_sin_cos_f32.o (__aeabi_fmul)
/usr/bin/../lib/gcc/arm-none-eabi/7.2.1/thumb/v7e-m/libgcc.a(_arm_cmpsf2.o)
                              Drivers/CMSIS/DSP/Source/ControllerFunctions/arm_sin_cos_f32.o (__aeabi_fcmplt)
/usr/bin/../lib/gcc/arm-none-eabi/7.2.1/thumb/v7e-m/libgcc.a(_arm_fixsfsi.o)
                              Drivers/CMSIS/DSP/Source/ControllerFunctions/arm_sin_cos_f32.o (__aeabi_f2iz)
/usr/bin/../lib/gcc/arm-none-eabi/7.2.1/thumb/v7e-m/libgcc.a(_arm_fixunssfsi.o)
                              Drivers/CMSIS/DSP/Source/ControllerFunctions/arm_sin_cos_f32.o (__aeabi_f2uiz)
/usr/bin/../lib/gcc/arm-none-eabi/7.2.1/thumb/v7e-m/libgcc.a(_aeabi_uldivmod.o)
                              Drivers/STM32H7xx_HAL_Driver/Src/stm32h7xx_hal_uart.o (__aeabi_uldivmod)
/usr/bin/../lib/gcc/arm-none-eabi/7.2.1/thumb/v7e-m/libgcc.a(_udivmoddi4.o)
                              /usr/bin/../lib/gcc/arm-none-eabi/7.2.1/thumb/v7e-m/libgcc.a(_aeabi_uldivmod.o) (__udivmoddi4)
/usr/bin/../lib/gcc/arm-none-eabi/7.2.1/thumb/v7e-m/libgcc.a(_dvmd_tls.o)
                              /usr/bin/../lib/gcc/arm-none-eabi/7.2.1/thumb/v7e-m/libgcc.a(_aeabi_uldivmod.o) (__aeabi_ldiv0)
/usr/bin/../lib/gcc/arm-none-eabi/7.2.1/../../../../arm-none-eabi/lib/thumb/v7e-m/libg_nano.a(lib_a-errno.o)
                              Src/syscalls.o (__errno)
/usr/bin/../lib/gcc/arm-none-eabi/7.2.1/../../../../arm-none-eabi/lib/thumb/v7e-m/libg_nano.a(lib_a-exit.o)
                              /usr/bin/../lib/gcc/arm-none-eabi/7.2.1/../../../../arm-none-eabi/lib/thumb/v7e-m/crt0.o (exit)
/usr/bin/../lib/gcc/arm-none-eabi/7.2.1/../../../../arm-none-eabi/lib/thumb/v7e-m/libg_nano.a(lib_a-impure.o)
                              /usr/bin/../lib/gcc/arm-none-eabi/7.2.1/../../../../arm-none-eabi/lib/thumb/v7e-m/libg_nano.a(lib_a-exit.o) (_global_impure_ptr)
/usr/bin/../lib/gcc/arm-none-eabi/7.2.1/../../../../arm-none-eabi/lib/thumb/v7e-m/libg_nano.a(lib_a-init.o)
                              /usr/bin/../lib/gcc/arm-none-eabi/7.2.1/../../../../arm-none-eabi/lib/thumb/v7e-m/crt0.o (__libc_init_array)
/usr/bin/../lib/gcc/arm-none-eabi/7.2.1/../../../../arm-none-eabi/lib/thumb/v7e-m/libg_nano.a(lib_a-memset.o)
                              /usr/bin/../lib/gcc/arm-none-eabi/7.2.1/../../../../arm-none-eabi/lib/thumb/v7e-m/crt0.o (memset)
/usr/bin/../lib/gcc/arm-none-eabi/7.2.1/../../../../arm-none-eabi/lib/thumb/v7e-m/libg_nano.a(lib_a-nano-vfprintf_float.o)
                              (_printf_float)
/usr/bin/../lib/gcc/arm-none-eabi/7.2.1/../../../../arm-none-eabi/lib/thumb/v7e-m/libg_nano.a(lib_a-nano-vfprintf_i.o)
                              /usr/bin/../lib/gcc/arm-none-eabi/7.2.1/../../../../arm-none-eabi/lib/thumb/v7e-m/libg_nano.a(lib_a-nano-vfprintf_float.o) (_printf_common)
/usr/bin/../lib/gcc/arm-none-eabi/7.2.1/../../../../arm-none-eabi/lib/thumb/v7e-m/libg_nano.a(lib_a-sprintf.o)
                              Src/peripherals/bluetooth/bluetooth.o (sprintf)
/usr/bin/../lib/gcc/arm-none-eabi/7.2.1/../../../../arm-none-eabi/lib/thumb/v7e-m/libg_nano.a(lib_a-strcpy.o)
                              Src/peripherals/bluetooth/bluetooth.o (strcpy)
/usr/bin/../lib/gcc/arm-none-eabi/7.2.1/../../../../arm-none-eabi/lib/thumb/v7e-m/libg_nano.a(lib_a-strlen.o)
                              Src/peripherals/bluetooth/bluetooth.o (strlen)
/usr/bin/../lib/gcc/arm-none-eabi/7.2.1/../../../../arm-none-eabi/lib/thumb/v7e-m/libg_nano.a(lib_a-strncmp.o)
                              Src/peripherals/bluetooth/bluetooth.o (strncmp)
[...]
Memory Configuration

Name             Origin             Length             Attributes
DTCMRAM          0x0000000020000000 0x0000000000020000 xrw
RAM_D1           0x0000000024000000 0x0000000000080000 xrw
RAM_D2           0x0000000030000000 0x0000000000048000 xrw
RAM_D3           0x0000000038000000 0x0000000000010000 xrw
ITCMRAM          0x0000000000000000 0x0000000000010000 xrw
FLASH            0x0000000008000000 0x0000000000200000 xr
*default*        0x0000000000000000 0xffffffffffffffff

Linker script and memory map

LOAD /usr/bin/../lib/gcc/arm-none-eabi/7.2.1/thumb/v7e-m/crti.o
LOAD /usr/bin/../lib/gcc/arm-none-eabi/7.2.1/thumb/v7e-m/crtbegin.o
LOAD /usr/bin/../lib/gcc/arm-none-eabi/7.2.1/../../../../arm-none-eabi/lib/thumb/v7e-m/crt0.o
LOAD Drivers/CMSIS/DSP/Source/ControllerFunctions/arm_pid_init_f32.o
LOAD Drivers/CMSIS/DSP/Source/ControllerFunctions/arm_pid_init_q15.o
LOAD Drivers/CMSIS/DSP/Source/ControllerFunctions/arm_pid_init_q31.o
LOAD Drivers/CMSIS/DSP/Source/ControllerFunctions/arm_pid_reset_f32.o
LOAD Drivers/CMSIS/DSP/Source/ControllerFunctions/arm_pid_reset_q15.o
LOAD Drivers/CMSIS/DSP/Source/ControllerFunctions/arm_pid_reset_q31.o
LOAD Drivers/CMSIS/DSP/Source/ControllerFunctions/arm_sin_cos_f32.o
LOAD Drivers/CMSIS/DSP/Source/ControllerFunctions/arm_sin_cos_q31.o
LOAD Drivers/STM32H7xx_HAL_Driver/Src/stm32h7xx_hal.o
LOAD Drivers/STM32H7xx_HAL_Driver/Src/stm32h7xx_hal_adc.o
LOAD Drivers/STM32H7xx_HAL_Driver/Src/stm32h7xx_hal_adc_ex.o
LOAD Drivers/STM32H7xx_HAL_Driver/Src/stm32h7xx_hal_cortex.o
LOAD Drivers/STM32H7xx_HAL_Driver/Src/stm32h7xx_hal_dma.o
LOAD Drivers/STM32H7xx_HAL_Driver/Src/stm32h7xx_hal_dma_ex.o
LOAD Drivers/STM32H7xx_HAL_Driver/Src/stm32h7xx_hal_flash.o
LOAD Drivers/STM32H7xx_HAL_Driver/Src/stm32h7xx_hal_flash_ex.o
LOAD Drivers/STM32H7xx_HAL_Driver/Src/stm32h7xx_hal_gpio.o
LOAD Drivers/STM32H7xx_HAL_Driver/Src/stm32h7xx_hal_hsem.o
LOAD Drivers/STM32H7xx_HAL_Driver/Src/stm32h7xx_hal_i2c.o
LOAD Drivers/STM32H7xx_HAL_Driver/Src/stm32h7xx_hal_i2c_ex.o
LOAD Drivers/STM32H7xx_HAL_Driver/Src/stm32h7xx_hal_mdma.o
LOAD Drivers/STM32H7xx_HAL_Driver/Src/stm32h7xx_hal_pwr.o
LOAD Drivers/STM32H7xx_HAL_Driver/Src/stm32h7xx_hal_pwr_ex.o
LOAD Drivers/STM32H7xx_HAL_Driver/Src/stm32h7xx_hal_rcc.o
LOAD Drivers/STM32H7xx_HAL_Driver/Src/stm32h7xx_hal_rcc_ex.o
LOAD Drivers/STM32H7xx_HAL_Driver/Src/stm32h7xx_hal_smbus.o
LOAD Drivers/STM32H7xx_HAL_Driver/Src/stm32h7xx_hal_spi.o
LOAD Drivers/STM32H7xx_HAL_Driver/Src/stm32h7xx_hal_spi_ex.o
LOAD Drivers/STM32H7xx_HAL_Driver/Src/stm32h7xx_hal_tim.o
LOAD Drivers/STM32H7xx_HAL_Driver/Src/stm32h7xx_hal_tim_ex.o
LOAD Drivers/STM32H7xx_HAL_Driver/Src/stm32h7xx_hal_uart.o
LOAD Drivers/STM32H7xx_HAL_Driver/Src/stm32h7xx_hal_uart_ex.o
LOAD Src/adc.o
LOAD Src/application/statistiques/statistiques.o
LOAD Src/gpio.o
LOAD Src/i2c.o
LOAD Src/main.o
LOAD Src/middleware/controls/mainControl/mainControl.o
LOAD Src/middleware/controls/mainControl/positionControl.o
LOAD Src/middleware/controls/mainControl/speedControl.o
LOAD Src/middleware/controls/mainControl/transfertFunction.o
LOAD Src/middleware/controls/pidController/pidController.o
LOAD Src/middleware/moves/basicMoves/basicMoves.o
LOAD Src/peripherals/bluetooth/bluetooth.o
LOAD Src/peripherals/callback/user_it_callback.o
LOAD Src/peripherals/encoders/encoder.o
LOAD Src/peripherals/motors/bldc.o
LOAD Src/peripherals/times_base/times_base.o
LOAD Src/peripherals/tone/tone.o
LOAD Src/spi.o
LOAD Src/stm32h7xx_hal_msp.o
LOAD Src/stm32h7xx_it.o
LOAD Src/syscalls.o
LOAD Src/system_stm32h7xx.o
LOAD Src/tim.o
LOAD Src/usart.o
LOAD startup/startup_stm32h743xx.o
START GROUP
LOAD /usr/bin/../lib/gcc/arm-none-eabi/7.2.1/thumb/v7e-m/libgcc.a
LOAD /usr/bin/../lib/gcc/arm-none-eabi/7.2.1/../../../../arm-none-eabi/lib/thumb/v7e-m/libg_nano.a
LOAD /usr/bin/../lib/gcc/arm-none-eabi/7.2.1/../../../../arm-none-eabi/lib/thumb/v7e-m/libc_nano.a
END GROUP
START GROUP
LOAD /usr/bin/../lib/gcc/arm-none-eabi/7.2.1/thumb/v7e-m/libgcc.a
LOAD /usr/bin/../lib/gcc/arm-none-eabi/7.2.1/../../../../arm-none-eabi/lib/thumb/v7e-m/libc_nano.a
END GROUP
LOAD /usr/bin/../lib/gcc/arm-none-eabi/7.2.1/thumb/v7e-m/crtend.o
LOAD /usr/bin/../lib/gcc/arm-none-eabi/7.2.1/thumb/v7e-m/crtn.o
                0x0000000020020000                _estack = 0x20020000
                0x0000000000000200                _Min_Heap_Size = 0x200
                0x0000000000000400                _Min_Stack_Size = 0x400

.isr_vector     0x0000000008000000      0x298
                0x0000000008000000                . = ALIGN (0x4)
 *(.isr_vector)
 .isr_vector    0x0000000008000000      0x298 startup/startup_stm32h743xx.o
                0x0000000008000000                g_pfnVectors
                0x0000000008000298                . = ALIGN (0x4)

.text           0x0000000008000298     0xc980
                0x0000000008000298                . = ALIGN (0x4)
 *(.text)
 .text          0x0000000008000298       0x40 /usr/bin/../lib/gcc/arm-none-eabi/7.2.1/thumb/v7e-m/crtbegin.o
 .text          0x00000000080002d8      0x378 /usr/bin/../lib/gcc/arm-none-eabi/7.2.1/thumb/v7e-m/libgcc.a(_arm_addsubdf3.o)
                0x00000000080002d8                __aeabi_drsub
                0x00000000080002e0                __aeabi_dsub
                0x00000000080002e0                __subdf3
                0x00000000080002e4                __adddf3
                0x00000000080002e4                __aeabi_dadd
                0x000000000800055c                __aeabi_ui2d
                0x000000000800055c                __floatunsidf
                0x000000000800057c                __floatsidf
                0x000000000800057c                __aeabi_i2d
                0x00000000080005a0                __extendsfdf2
                0x00000000080005a0                __aeabi_f2d
                0x00000000080005e4                __aeabi_ul2d
                0x00000000080005e4                __floatundidf
                0x00000000080005f4                __floatdidf
                0x00000000080005f4                __aeabi_l2d
 .text          0x0000000008000650      0x424 /usr/bin/../lib/gcc/arm-none-eabi/7.2.1/thumb/v7e-m/libgcc.a(_arm_muldivdf3.o)
                0x0000000008000650                __aeabi_dmul
                0x0000000008000650                __muldf3
                0x00000000080008a4                __aeabi_ddiv
                0x00000000080008a4                __divdf3
 .text          0x0000000008000a74      0x110 /usr/bin/../lib/gcc/arm-none-eabi/7.2.1/thumb/v7e-m/libgcc.a(_arm_cmpdf2.o)
                0x0000000008000a74                __gtdf2
                0x0000000008000a74                __gedf2
                0x0000000008000a7c                __ltdf2
                0x0000000008000a7c                __ledf2
                0x0000000008000a84                __cmpdf2
                0x0000000008000a84                __eqdf2
                0x0000000008000a84                __nedf2
                0x0000000008000b00                __aeabi_cdrcmple
                0x0000000008000b10                __aeabi_cdcmple
                0x0000000008000b10                __aeabi_cdcmpeq
                0x0000000008000b20                __aeabi_dcmpeq
                0x0000000008000b34                __aeabi_dcmplt
                0x0000000008000b48                __aeabi_dcmple
                0x0000000008000b5c                __aeabi_dcmpge
                0x0000000008000b70                __aeabi_dcmpgt
 .text          0x0000000008000b84       0x50 /usr/bin/../lib/gcc/arm-none-eabi/7.2.1/thumb/v7e-m/libgcc.a(_arm_fixdfsi.o)
                0x0000000008000b84                __fixdfsi
                0x0000000008000b84                __aeabi_d2iz
 .text          0x0000000008000bd4       0xa0 /usr/bin/../lib/gcc/arm-none-eabi/7.2.1/thumb/v7e-m/libgcc.a(_arm_truncdfsf2.o)
                0x0000000008000bd4                __aeabi_d2f
                0x0000000008000bd4                __truncdfsf2
 .text          0x0000000008000c74      0x21c /usr/bin/../lib/gcc/arm-none-eabi/7.2.1/thumb/v7e-m/libgcc.a(_arm_addsubsf3.o)
                0x0000000008000c74                __aeabi_frsub
                0x0000000008000c7c                __subsf3
                0x0000000008000c7c                __aeabi_fsub
                0x0000000008000c80                __aeabi_fadd
                0x0000000008000c80                __addsf3
                0x0000000008000de0                __aeabi_ui2f
                0x0000000008000de0                __floatunsisf
                0x0000000008000de8                __aeabi_i2f
                0x0000000008000de8                __floatsisf
                0x0000000008000e04                __floatundisf
                0x0000000008000e04                __aeabi_ul2f
                0x0000000008000e14                __floatdisf
                0x0000000008000e14                __aeabi_l2f
 .text          0x0000000008000e90      0x2a0 /usr/bin/../lib/gcc/arm-none-eabi/7.2.1/thumb/v7e-m/libgcc.a(_arm_muldivsf3.o)
                0x0000000008000e90                __mulsf3
                0x0000000008000e90                __aeabi_fmul
                0x0000000008000ff8                __divsf3
                0x0000000008000ff8                __aeabi_fdiv
 .text          0x0000000008001130       0x40 /usr/bin/../lib/gcc/arm-none-eabi/7.2.1/thumb/v7e-m/libgcc.a(_arm_fixunssfsi.o)
                0x0000000008001130                __aeabi_f2uiz
                0x0000000008001130                __fixunssfsi
 .text          0x0000000008001170       0x30 /usr/bin/../lib/gcc/arm-none-eabi/7.2.1/thumb/v7e-m/libgcc.a(_aeabi_uldivmod.o)
                0x0000000008001170                __aeabi_uldivmod
 .text          0x00000000080011a0      0x2cc /usr/bin/../lib/gcc/arm-none-eabi/7.2.1/thumb/v7e-m/libgcc.a(_udivmoddi4.o)
                0x00000000080011a0                __udivmoddi4
 .text          0x000000000800146c        0x4 /usr/bin/../lib/gcc/arm-none-eabi/7.2.1/thumb/v7e-m/libgcc.a(_dvmd_tls.o)
                0x000000000800146c                __aeabi_ldiv0
                0x000000000800146c                __aeabi_idiv0
 .text          0x0000000008001470       0x10 /usr/bin/../lib/gcc/arm-none-eabi/7.2.1/../../../../arm-none-eabi/lib/thumb/v7e-m/libg_nano.a(lib_a-strlen.o)
                0x0000000008001470                strlen
 .text          0x0000000008001480       0x2c /usr/bin/../lib/gcc/arm-none-eabi/7.2.1/thumb/v7e-m/libgcc.a(_arm_unorddf2.o)
                0x0000000008001480                __aeabi_dcmpun
                0x0000000008001480                __unorddf2
 *(.text*)
 .text.HAL_Init
                0x00000000080014ac       0x24 Drivers/STM32H7xx_HAL_Driver/Src/stm32h7xx_hal.o
                0x00000000080014ac                HAL_Init
 .text.HAL_InitTick
                0x00000000080014d0       0x60 Drivers/STM32H7xx_HAL_Driver/Src/stm32h7xx_hal.o
                0x00000000080014d0                HAL_InitTick
 .text.HAL_IncTick
                0x0000000008001530       0x24 Drivers/STM32H7xx_HAL_Driver/Src/stm32h7xx_hal.o
                0x0000000008001530                HAL_IncTick
 .text.HAL_GetTick
                0x0000000008001554       0x14 Drivers/STM32H7xx_HAL_Driver/Src/stm32h7xx_hal.o
                0x0000000008001554                HAL_GetTick
 .text.HAL_Delay
                0x0000000008001568       0x44 Drivers/STM32H7xx_HAL_Driver/Src/stm32h7xx_hal.o
                0x0000000008001568                HAL_Delay
 .text.HAL_SYSCFG_AnalogSwitchConfig
                0x00000000080015ac       0x2c Drivers/STM32H7xx_HAL_Driver/Src/stm32h7xx_hal.o
                0x00000000080015ac                HAL_SYSCFG_AnalogSwitchConfig
 .text.HAL_ADC_Init
                0x00000000080015d8      0x454 Drivers/STM32H7xx_HAL_Driver/Src/stm32h7xx_hal_adc.o
                0x00000000080015d8                HAL_ADC_Init
 .text.HAL_ADC_ConfigChannel
                0x0000000008001a2c      0x9ac Drivers/STM32H7xx_HAL_Driver/Src/stm32h7xx_hal_adc.o
                0x0000000008001a2c                HAL_ADC_ConfigChannel
 .text.HAL_ADCEx_MultiModeConfigChannel
                0x00000000080023d8      0x190 Drivers/STM32H7xx_HAL_Driver/Src/stm32h7xx_hal_adc_ex.o
                0x00000000080023d8                HAL_ADCEx_MultiModeConfigChannel
 .text.__NVIC_SetPriorityGrouping
                0x0000000008002568       0x48 Drivers/STM32H7xx_HAL_Driver/Src/stm32h7xx_hal_cortex.o
 .text.__NVIC_GetPriorityGrouping
                0x00000000080025b0       0x1c Drivers/STM32H7xx_HAL_Driver/Src/stm32h7xx_hal_cortex.o
 .text.__NVIC_EnableIRQ
                0x00000000080025cc       0x38 Drivers/STM32H7xx_HAL_Driver/Src/stm32h7xx_hal_cortex.o
 .text.__NVIC_SetPriority
                0x0000000008002604       0x54 Drivers/STM32H7xx_HAL_Driver/Src/stm32h7xx_hal_cortex.o
 .text.NVIC_EncodePriority
                0x0000000008002658       0x64 Drivers/STM32H7xx_HAL_Driver/Src/stm32h7xx_hal_cortex.o
 .text.SysTick_Config
                0x00000000080026bc       0x44 Drivers/STM32H7xx_HAL_Driver/Src/stm32h7xx_hal_cortex.o
 .text.HAL_NVIC_SetPriorityGrouping
                0x0000000008002700       0x16 Drivers/STM32H7xx_HAL_Driver/Src/stm32h7xx_hal_cortex.o
                0x0000000008002700                HAL_NVIC_SetPriorityGrouping
 .text.HAL_NVIC_SetPriority
                0x0000000008002716       0x38 Drivers/STM32H7xx_HAL_Driver/Src/stm32h7xx_hal_cortex.o
                0x0000000008002716                HAL_NVIC_SetPriority
 .text.HAL_NVIC_EnableIRQ
                0x000000000800274e       0x1c Drivers/STM32H7xx_HAL_Driver/Src/stm32h7xx_hal_cortex.o
                0x000000000800274e                HAL_NVIC_EnableIRQ
 .text.HAL_SYSTICK_Config
                0x000000000800276a       0x18 Drivers/STM32H7xx_HAL_Driver/Src/stm32h7xx_hal_cortex.o
                0x000000000800276a                HAL_SYSTICK_Config
 *fill*         0x0000000008002782        0x2 
 .text.HAL_SYSTICK_CLKSourceConfig
                0x0000000008002784       0x38 Drivers/STM32H7xx_HAL_Driver/Src/stm32h7xx_hal_cortex.o
                0x0000000008002784                HAL_SYSTICK_CLKSourceConfig
 .text.HAL_SYSTICK_IRQHandler
                0x00000000080027bc        0xc Drivers/STM32H7xx_HAL_Driver/Src/stm32h7xx_hal_cortex.o
                0x00000000080027bc                HAL_SYSTICK_IRQHandler
 .text.HAL_SYSTICK_Callback
                0x00000000080027c8        0xc Drivers/STM32H7xx_HAL_Driver/Src/stm32h7xx_hal_cortex.o
                0x00000000080027c8                HAL_SYSTICK_Callback
 .text.HAL_DMA_Abort_IT
                0x00000000080027d4      0x158 Drivers/STM32H7xx_HAL_Driver/Src/stm32h7xx_hal_dma.o
                0x00000000080027d4                HAL_DMA_Abort_IT
 .text.HAL_GPIO_Init
                0x000000000800292c      0x368 Drivers/STM32H7xx_HAL_Driver/Src/stm32h7xx_hal_gpio.o
                0x000000000800292c                HAL_GPIO_Init
 .text.HAL_GPIO_ReadPin
                0x0000000008002c94       0x2e Drivers/STM32H7xx_HAL_Driver/Src/stm32h7xx_hal_gpio.o
                0x0000000008002c94                HAL_GPIO_ReadPin
 .text.HAL_GPIO_WritePin
                0x0000000008002cc2       0x2e Drivers/STM32H7xx_HAL_Driver/Src/stm32h7xx_hal_gpio.o
                0x0000000008002cc2                HAL_GPIO_WritePin
 .text.HAL_I2C_Init
                0x0000000008002cf0      0x120 Drivers/STM32H7xx_HAL_Driver/Src/stm32h7xx_hal_i2c.o
                0x0000000008002cf0                HAL_I2C_Init
 .text.HAL_I2CEx_ConfigAnalogFilter
                0x0000000008002e10       0x94 Drivers/STM32H7xx_HAL_Driver/Src/stm32h7xx_hal_i2c_ex.o
                0x0000000008002e10                HAL_I2CEx_ConfigAnalogFilter
 .text.HAL_I2CEx_ConfigDigitalFilter
                0x0000000008002ea4       0x9a Drivers/STM32H7xx_HAL_Driver/Src/stm32h7xx_hal_i2c_ex.o
                0x0000000008002ea4                HAL_I2CEx_ConfigDigitalFilter
 *fill*         0x0000000008002f3e        0x2 
 .text.HAL_RCC_OscConfig
                0x0000000008002f40      0x734 Drivers/STM32H7xx_HAL_Driver/Src/stm32h7xx_hal_rcc.o
                0x0000000008002f40                HAL_RCC_OscConfig
 .text.HAL_RCC_ClockConfig
                0x0000000008003674      0x294 Drivers/STM32H7xx_HAL_Driver/Src/stm32h7xx_hal_rcc.o
                0x0000000008003674                HAL_RCC_ClockConfig
 .text.HAL_RCC_GetSysClockFreq
                0x0000000008003908      0x320 Drivers/STM32H7xx_HAL_Driver/Src/stm32h7xx_hal_rcc.o
                0x0000000008003908                HAL_RCC_GetSysClockFreq
 .text.HAL_RCC_GetHCLKFreq
                0x0000000008003c28       0x50 Drivers/STM32H7xx_HAL_Driver/Src/stm32h7xx_hal_rcc.o
                0x0000000008003c28                HAL_RCC_GetHCLKFreq
 .text.HAL_RCC_GetPCLK1Freq
                0x0000000008003c78       0x44 Drivers/STM32H7xx_HAL_Driver/Src/stm32h7xx_hal_rcc.o
                0x0000000008003c78                HAL_RCC_GetPCLK1Freq
 .text.HAL_RCC_GetPCLK2Freq
                0x0000000008003cbc       0x44 Drivers/STM32H7xx_HAL_Driver/Src/stm32h7xx_hal_rcc.o
                0x0000000008003cbc                HAL_RCC_GetPCLK2Freq
 .text.HAL_RCCEx_PeriphCLKConfig
                0x0000000008003d00      0xfb8 Drivers/STM32H7xx_HAL_Driver/Src/stm32h7xx_hal_rcc_ex.o
                0x0000000008003d00                HAL_RCCEx_PeriphCLKConfig
 .text.HAL_RCCEx_GetD3PCLK1Freq
                0x0000000008004cb8       0x44 Drivers/STM32H7xx_HAL_Driver/Src/stm32h7xx_hal_rcc_ex.o
                0x0000000008004cb8                HAL_RCCEx_GetD3PCLK1Freq
 .text.HAL_RCCEx_GetPLL2ClockFreq
                0x0000000008004cfc      0x2b4 Drivers/STM32H7xx_HAL_Driver/Src/stm32h7xx_hal_rcc_ex.o
                0x0000000008004cfc                HAL_RCCEx_GetPLL2ClockFreq
 .text.HAL_RCCEx_GetPLL3ClockFreq
                0x0000000008004fb0      0x2b4 Drivers/STM32H7xx_HAL_Driver/Src/stm32h7xx_hal_rcc_ex.o
                0x0000000008004fb0                HAL_RCCEx_GetPLL3ClockFreq
 .text.HAL_RCCEx_GetD1SysClockFreq
                0x0000000008005264       0x50 Drivers/STM32H7xx_HAL_Driver/Src/stm32h7xx_hal_rcc_ex.o
                0x0000000008005264                HAL_RCCEx_GetD1SysClockFreq
 .text.RCCEx_PLL2_Config
                0x00000000080052b4      0x100 Drivers/STM32H7xx_HAL_Driver/Src/stm32h7xx_hal_rcc_ex.o
 .text.RCCEx_PLL3_Config
                0x00000000080053b4      0x100 Drivers/STM32H7xx_HAL_Driver/Src/stm32h7xx_hal_rcc_ex.o
 .text.HAL_SMBUS_Init
                0x00000000080054b4      0x170 Drivers/STM32H7xx_HAL_Driver/Src/stm32h7xx_hal_smbus.o
                0x00000000080054b4                HAL_SMBUS_Init
 .text.HAL_SMBUS_EnableAlert_IT
                0x0000000008005624       0x34 Drivers/STM32H7xx_HAL_Driver/Src/stm32h7xx_hal_smbus.o
                0x0000000008005624                HAL_SMBUS_EnableAlert_IT
 .text.SMBUS_Enable_IRQ
                0x0000000008005658       0x74 Drivers/STM32H7xx_HAL_Driver/Src/stm32h7xx_hal_smbus.o
 .text.HAL_SPI_Init
                0x00000000080056cc      0x1f4 Drivers/STM32H7xx_HAL_Driver/Src/stm32h7xx_hal_spi.o
                0x00000000080056cc                HAL_SPI_Init
 .text.SPI_GetPacketSize
                0x00000000080058c0       0x34 Drivers/STM32H7xx_HAL_Driver/Src/stm32h7xx_hal_spi.o
 .text.HAL_TIM_Base_Init
                0x00000000080058f4       0x56 Drivers/STM32H7xx_HAL_Driver/Src/stm32h7xx_hal_tim.o
                0x00000000080058f4                HAL_TIM_Base_Init
 .text.HAL_TIM_Base_Stop_IT
                0x000000000800594a       0x58 Drivers/STM32H7xx_HAL_Driver/Src/stm32h7xx_hal_tim.o
                0x000000000800594a                HAL_TIM_Base_Stop_IT
 .text.HAL_TIM_OC_Init
                0x00000000080059a2       0x56 Drivers/STM32H7xx_HAL_Driver/Src/stm32h7xx_hal_tim.o
                0x00000000080059a2                HAL_TIM_OC_Init
 .text.HAL_TIM_OC_MspInit
                0x00000000080059f8       0x12 Drivers/STM32H7xx_HAL_Driver/Src/stm32h7xx_hal_tim.o
                0x00000000080059f8                HAL_TIM_OC_MspInit
 *fill*         0x0000000008005a0a        0x2 
 .text.HAL_TIM_OC_Stop
                0x0000000008005a0c       0xd8 Drivers/STM32H7xx_HAL_Driver/Src/stm32h7xx_hal_tim.o
                0x0000000008005a0c                HAL_TIM_OC_Stop
 .text.HAL_TIM_PWM_Init
                0x0000000008005ae4       0x56 Drivers/STM32H7xx_HAL_Driver/Src/stm32h7xx_hal_tim.o
                0x0000000008005ae4                HAL_TIM_PWM_Init
 *fill*         0x0000000008005b3a        0x2 
 .text.HAL_TIM_PWM_Start
                0x0000000008005b3c       0x98 Drivers/STM32H7xx_HAL_Driver/Src/stm32h7xx_hal_tim.o
                0x0000000008005b3c                HAL_TIM_PWM_Start
 .text.HAL_TIM_PWM_Stop
                0x0000000008005bd4       0xe0 Drivers/STM32H7xx_HAL_Driver/Src/stm32h7xx_hal_tim.o
                0x0000000008005bd4                HAL_TIM_PWM_Stop
 .text.HAL_TIM_IRQHandler
                0x0000000008005cb4      0x23e Drivers/STM32H7xx_HAL_Driver/Src/stm32h7xx_hal_tim.o
                0x0000000008005cb4                HAL_TIM_IRQHandler
 *fill*         0x0000000008005ef2        0x2 
 .text.HAL_TIM_OC_ConfigChannel
                0x0000000008005ef4       0xfc Drivers/STM32H7xx_HAL_Driver/Src/stm32h7xx_hal_tim.o
                0x0000000008005ef4                HAL_TIM_OC_ConfigChannel
 .text.HAL_TIM_PWM_ConfigChannel
                0x0000000008005ff0      0x230 Drivers/STM32H7xx_HAL_Driver/Src/stm32h7xx_hal_tim.o
                0x0000000008005ff0                HAL_TIM_PWM_ConfigChannel
 .text.HAL_TIM_ConfigClockSource
                0x0000000008006220      0x1c0 Drivers/STM32H7xx_HAL_Driver/Src/stm32h7xx_hal_tim.o
                0x0000000008006220                HAL_TIM_ConfigClockSource
 .text.HAL_TIM_SlaveConfigSynchronization
                0x00000000080063e0       0x6a Drivers/STM32H7xx_HAL_Driver/Src/stm32h7xx_hal_tim.o
                0x00000000080063e0                HAL_TIM_SlaveConfigSynchronization
 .text.HAL_TIM_OC_DelayElapsedCallback
                0x000000000800644a       0x12 Drivers/STM32H7xx_HAL_Driver/Src/stm32h7xx_hal_tim.o
                0x000000000800644a                HAL_TIM_OC_DelayElapsedCallback
 .text.HAL_TIM_IC_CaptureCallback
                0x000000000800645c       0x12 Drivers/STM32H7xx_HAL_Driver/Src/stm32h7xx_hal_tim.o
                0x000000000800645c                HAL_TIM_IC_CaptureCallback
 .text.HAL_TIM_PWM_PulseFinishedCallback
                0x000000000800646e       0x12 Drivers/STM32H7xx_HAL_Driver/Src/stm32h7xx_hal_tim.o
                0x000000000800646e                HAL_TIM_PWM_PulseFinishedCallback
 .text.HAL_TIM_TriggerCallback
                0x0000000008006480       0x12 Drivers/STM32H7xx_HAL_Driver/Src/stm32h7xx_hal_tim.o
                0x0000000008006480                HAL_TIM_TriggerCallback
 *fill*         0x0000000008006492        0x2 
 .text.TIM_Base_SetConfig
                0x0000000008006494      0x13c Drivers/STM32H7xx_HAL_Driver/Src/stm32h7xx_hal_tim.o
                0x0000000008006494                TIM_Base_SetConfig
 .text.TIM_OC1_SetConfig
                0x00000000080065d0      0x12c Drivers/STM32H7xx_HAL_Driver/Src/stm32h7xx_hal_tim.o
                0x00000000080065d0                TIM_OC1_SetConfig
 .text.TIM_OC2_SetConfig
                0x00000000080066fc      0x11c Drivers/STM32H7xx_HAL_Driver/Src/stm32h7xx_hal_tim.o
                0x00000000080066fc                TIM_OC2_SetConfig
 .text.TIM_OC3_SetConfig
                0x0000000008006818      0x118 Drivers/STM32H7xx_HAL_Driver/Src/stm32h7xx_hal_tim.o
                0x0000000008006818                TIM_OC3_SetConfig
 .text.TIM_OC4_SetConfig
                0x0000000008006930       0xd8 Drivers/STM32H7xx_HAL_Driver/Src/stm32h7xx_hal_tim.o
                0x0000000008006930                TIM_OC4_SetConfig
 .text.TIM_OC5_SetConfig
                0x0000000008006a08       0xd0 Drivers/STM32H7xx_HAL_Driver/Src/stm32h7xx_hal_tim.o
 .text.TIM_OC6_SetConfig
                0x0000000008006ad8       0xd0 Drivers/STM32H7xx_HAL_Driver/Src/stm32h7xx_hal_tim.o
 .text.TIM_SlaveTimer_SetConfig
                0x0000000008006ba8      0x120 Drivers/STM32H7xx_HAL_Driver/Src/stm32h7xx_hal_tim.o
 .text.TIM_TI1_SetConfig
                0x0000000008006cc8       0xec Drivers/STM32H7xx_HAL_Driver/Src/stm32h7xx_hal_tim.o
                0x0000000008006cc8                TIM_TI1_SetConfig
 .text.TIM_TI1_ConfigInputStage
                0x0000000008006db4       0x64 Drivers/STM32H7xx_HAL_Driver/Src/stm32h7xx_hal_tim.o
 .text.TIM_TI2_ConfigInputStage
                0x0000000008006e18       0x66 Drivers/STM32H7xx_HAL_Driver/Src/stm32h7xx_hal_tim.o
 *fill*         0x0000000008006e7e        0x2 
 .text.TIM_ITRx_SetConfig
                0x0000000008006e80       0x44 Drivers/STM32H7xx_HAL_Driver/Src/stm32h7xx_hal_tim.o
 .text.TIM_ETR_SetConfig
                0x0000000008006ec4       0x42 Drivers/STM32H7xx_HAL_Driver/Src/stm32h7xx_hal_tim.o
                0x0000000008006ec4                TIM_ETR_SetConfig
 .text.TIM_CCxChannelCmd
                0x0000000008006f06       0x44 Drivers/STM32H7xx_HAL_Driver/Src/stm32h7xx_hal_tim.o
                0x0000000008006f06                TIM_CCxChannelCmd
 *fill*         0x0000000008006f4a        0x2 
 .text.HAL_TIMEx_HallSensor_Init
                0x0000000008006f4c      0x134 Drivers/STM32H7xx_HAL_Driver/Src/stm32h7xx_hal_tim_ex.o
                0x0000000008006f4c                HAL_TIMEx_HallSensor_Init
 .text.HAL_TIMEx_HallSensor_MspInit
                0x0000000008007080       0x12 Drivers/STM32H7xx_HAL_Driver/Src/stm32h7xx_hal_tim_ex.o
                0x0000000008007080                HAL_TIMEx_HallSensor_MspInit
 .text.HAL_TIMEx_OCN_Start
                0x0000000008007092       0x46 Drivers/STM32H7xx_HAL_Driver/Src/stm32h7xx_hal_tim_ex.o
                0x0000000008007092                HAL_TIMEx_OCN_Start
 .text.HAL_TIMEx_OCN_Stop
                0x00000000080070d8       0x86 Drivers/STM32H7xx_HAL_Driver/Src/stm32h7xx_hal_tim_ex.o
                0x00000000080070d8                HAL_TIMEx_OCN_Stop
 *fill*         0x000000000800715e        0x2 
 .text.HAL_TIMEx_MasterConfigSynchronization
                0x0000000008007160       0xa8 Drivers/STM32H7xx_HAL_Driver/Src/stm32h7xx_hal_tim_ex.o
                0x0000000008007160                HAL_TIMEx_MasterConfigSynchronization
 .text.HAL_TIMEx_ConfigBreakDeadTime
                0x0000000008007208       0xfc Drivers/STM32H7xx_HAL_Driver/Src/stm32h7xx_hal_tim_ex.o
                0x0000000008007208                HAL_TIMEx_ConfigBreakDeadTime
 .text.HAL_TIMEx_BreakCallback
                0x0000000008007304       0x12 Drivers/STM32H7xx_HAL_Driver/Src/stm32h7xx_hal_tim_ex.o
                0x0000000008007304                HAL_TIMEx_BreakCallback
 .text.TIM_CCxNChannelCmd
                0x0000000008007316       0x44 Drivers/STM32H7xx_HAL_Driver/Src/stm32h7xx_hal_tim_ex.o
 .text.HAL_UART_Init
                0x000000000800735a       0xa2 Drivers/STM32H7xx_HAL_Driver/Src/stm32h7xx_hal_uart.o
                0x000000000800735a                HAL_UART_Init
 .text.HAL_UART_IRQHandler
                0x00000000080073fc      0x294 Drivers/STM32H7xx_HAL_Driver/Src/stm32h7xx_hal_uart.o
                0x00000000080073fc                HAL_UART_IRQHandler
 .text.HAL_UART_TxCpltCallback
                0x0000000008007690       0x12 Drivers/STM32H7xx_HAL_Driver/Src/stm32h7xx_hal_uart.o
                0x0000000008007690                HAL_UART_TxCpltCallback
 .text.HAL_UART_RxCpltCallback
                0x00000000080076a2       0x12 Drivers/STM32H7xx_HAL_Driver/Src/stm32h7xx_hal_uart.o
                0x00000000080076a2                HAL_UART_RxCpltCallback
 .text.HAL_UART_ErrorCallback
                0x00000000080076b4       0x12 Drivers/STM32H7xx_HAL_Driver/Src/stm32h7xx_hal_uart.o
                0x00000000080076b4                HAL_UART_ErrorCallback
 *fill*         0x00000000080076c6        0x2 
 .text.UART_SetConfig
                0x00000000080076c8      0xf8c Drivers/STM32H7xx_HAL_Driver/Src/stm32h7xx_hal_uart.o
                0x00000000080076c8                UART_SetConfig
 .text.UART_AdvFeatureConfig
                0x0000000008008654      0x142 Drivers/STM32H7xx_HAL_Driver/Src/stm32h7xx_hal_uart.o
                0x0000000008008654                UART_AdvFeatureConfig
 .text.UART_CheckIdleState
                0x0000000008008796       0x92 Drivers/STM32H7xx_HAL_Driver/Src/stm32h7xx_hal_uart.o
                0x0000000008008796                UART_CheckIdleState
 .text.UART_WaitOnFlagUntilTimeout
                0x0000000008008828       0x94 Drivers/STM32H7xx_HAL_Driver/Src/stm32h7xx_hal_uart.o
                0x0000000008008828                UART_WaitOnFlagUntilTimeout
 .text.UART_EndRxTransfer
                0x00000000080088bc       0x3a Drivers/STM32H7xx_HAL_Driver/Src/stm32h7xx_hal_uart.o
 .text.UART_DMAAbortOnError
                0x00000000080088f6       0x2c Drivers/STM32H7xx_HAL_Driver/Src/stm32h7xx_hal_uart.o
 .text.UART_Transmit_IT
                0x0000000008008922       0xce Drivers/STM32H7xx_HAL_Driver/Src/stm32h7xx_hal_uart.o
 .text.UART_EndTransmit_IT
                0x00000000080089f0       0x30 Drivers/STM32H7xx_HAL_Driver/Src/stm32h7xx_hal_uart.o
 .text.UART_Receive_IT
                0x0000000008008a20       0xd8 Drivers/STM32H7xx_HAL_Driver/Src/stm32h7xx_hal_uart.o
 .text.HAL_UARTEx_WakeupCallback
                0x0000000008008af8       0x12 Drivers/STM32H7xx_HAL_Driver/Src/stm32h7xx_hal_uart_ex.o
                0x0000000008008af8                HAL_UARTEx_WakeupCallback
 *fill*         0x0000000008008b0a        0x2 
 .text.MX_ADC1_Init
                0x0000000008008b0c      0x148 Src/adc.o
                0x0000000008008b0c                MX_ADC1_Init
 .text.MX_ADC3_Init
                0x0000000008008c54       0xcc Src/adc.o
                0x0000000008008c54                MX_ADC3_Init
 .text.HAL_ADC_MspInit
                0x0000000008008d20       0xc0 Src/adc.o
                0x0000000008008d20                HAL_ADC_MspInit
 .text.MX_GPIO_Init
                0x0000000008008de0      0x220 Src/gpio.o
                0x0000000008008de0                MX_GPIO_Init
 .text.MX_I2C1_Init
                0x0000000008009000       0x90 Src/i2c.o
                0x0000000008009000                MX_I2C1_Init
 .text.MX_I2C2_Init
                0x0000000008009090       0x90 Src/i2c.o
                0x0000000008009090                MX_I2C2_Init
 .text.MX_I2C3_Init
                0x0000000008009120       0x90 Src/i2c.o
                0x0000000008009120                MX_I2C3_Init
 .text.MX_I2C4_SMBUS_Init
                0x00000000080091b0       0x90 Src/i2c.o
                0x00000000080091b0                MX_I2C4_SMBUS_Init
 .text.HAL_I2C_MspInit
                0x0000000008009240      0x130 Src/i2c.o
                0x0000000008009240                HAL_I2C_MspInit
 .text.HAL_SMBUS_MspInit
                0x0000000008009370       0x8c Src/i2c.o
                0x0000000008009370                HAL_SMBUS_MspInit
 .text.SCB_EnableICache
                0x00000000080093fc       0x3c Src/main.o
 .text.SCB_EnableDCache
                0x0000000008009438       0x80 Src/main.o
 .text.main     0x00000000080094b8       0x56 Src/main.o
                0x00000000080094b8                main
 *fill*         0x000000000800950e        0x2 
 .text.SystemClock_Config
                0x0000000008009510      0x1d8 Src/main.o
                0x0000000008009510                SystemClock_Config
 .text._Error_Handler
                0x00000000080096e8        0xc Src/main.o
                0x00000000080096e8                _Error_Handler
 .text.mainControl_IT
                0x00000000080096f4       0x44 Src/middleware/controls/mainControl/mainControl.o
                0x00000000080096f4                mainControl_IT
 .text.positionControlGetPositionCommand
                0x0000000008009738       0x18 Src/middleware/controls/mainControl/positionControl.o
                0x0000000008009738                positionControlGetPositionCommand
 .text.speedControlGetSpeedCommand
                0x0000000008009750       0x18 Src/middleware/controls/mainControl/speedControl.o
                0x0000000008009750                speedControlGetSpeedCommand
 .text.speedControlLoop
                0x0000000008009768      0x2a0 Src/middleware/controls/mainControl/speedControl.o
                0x0000000008009768                speedControlLoop
 .text.transfertFunctionLimiter
                0x0000000008009a08       0xa4 Src/middleware/controls/mainControl/transfertFunction.o
                0x0000000008009a08                transfertFunctionLimiter
 *fill*         0x0000000008009aac        0x4 
 .text.transfertFunctionLoop
                0x0000000008009ab0       0xc4 Src/middleware/controls/mainControl/transfertFunction.o
                0x0000000008009ab0                transfertFunctionLoop
 .text.pidController
                0x0000000008009b74       0x8e Src/middleware/controls/pidController/pidController.o
                0x0000000008009b74                pidController
 *fill*         0x0000000008009c02        0x2 
 .text.HAL_TIM_PeriodElapsedCallback
                0x0000000008009c04       0x98 Src/peripherals/callback/user_it_callback.o
                0x0000000008009c04                HAL_TIM_PeriodElapsedCallback
 *fill*         0x0000000008009c9c        0x4 
 .text.encoderGetDistance
                0x0000000008009ca0       0xac Src/peripherals/encoders/encoder.o
 *fill*         0x0000000008009d4c        0x4 
 .text.encoderGetDist
                0x0000000008009d50       0x50 Src/peripherals/encoders/encoder.o
                0x0000000008009d50                encoderGetDist
 .text.BLDCMotorPrepareCommutation
                0x0000000008009da0      0x2e8 Src/peripherals/motors/bldc.o
 .text.motorSet
                0x000000000800a088       0x60 Src/peripherals/motors/bldc.o
                0x000000000800a088                motorSet
 .text.HAL_TIMEx_CommutationCallback
                0x000000000800a0e8       0x38 Src/peripherals/motors/bldc.o
                0x000000000800a0e8                HAL_TIMEx_CommutationCallback
 .text.ledPowerErrorBlink
                0x000000000800a120       0x48 Src/peripherals/times_base/times_base.o
                0x000000000800a120                ledPowerErrorBlink
 .text.ledBlink_IT
                0x000000000800a168       0xdc Src/peripherals/times_base/times_base.o
                0x000000000800a168                ledBlink_IT
 .text.tone     0x000000000800a244       0x84 Src/peripherals/tone/tone.o
                0x000000000800a244                tone
 .text.tone_IT  0x000000000800a2c8       0x34 Src/peripherals/tone/tone.o
                0x000000000800a2c8                tone_IT
 .text.MX_SPI3_Init
                0x000000000800a2fc       0xb4 Src/spi.o
                0x000000000800a2fc                MX_SPI3_Init
 .text.HAL_SPI_MspInit
                0x000000000800a3b0       0x8c Src/spi.o
                0x000000000800a3b0                HAL_SPI_MspInit
 .text.HAL_MspInit
                0x000000000800a43c       0x8c Src/stm32h7xx_hal_msp.o
                0x000000000800a43c                HAL_MspInit
 .text.NMI_Handler
                0x000000000800a4c8        0xc Src/stm32h7xx_it.o
                0x000000000800a4c8                NMI_Handler
 .text.HardFault_Handler
                0x000000000800a4d4        0x6 Src/stm32h7xx_it.o
                0x000000000800a4d4                HardFault_Handler
 .text.MemManage_Handler
                0x000000000800a4da        0x6 Src/stm32h7xx_it.o
                0x000000000800a4da                MemManage_Handler
 .text.BusFault_Handler
                0x000000000800a4e0        0x6 Src/stm32h7xx_it.o
                0x000000000800a4e0                BusFault_Handler
 .text.UsageFault_Handler
                0x000000000800a4e6        0x6 Src/stm32h7xx_it.o
                0x000000000800a4e6                UsageFault_Handler
 .text.SVC_Handler
                0x000000000800a4ec        0xc Src/stm32h7xx_it.o
                0x000000000800a4ec                SVC_Handler
 .text.DebugMon_Handler
                0x000000000800a4f8        0xc Src/stm32h7xx_it.o
                0x000000000800a4f8                DebugMon_Handler
 .text.PendSV_Handler
                0x000000000800a504        0xc Src/stm32h7xx_it.o
                0x000000000800a504                PendSV_Handler
 .text.SysTick_Handler
                0x000000000800a510       0x10 Src/stm32h7xx_it.o
                0x000000000800a510                SysTick_Handler
 .text.TIM1_BRK_IRQHandler
                0x000000000800a520       0x14 Src/stm32h7xx_it.o
                0x000000000800a520                TIM1_BRK_IRQHandler
 .text.TIM1_TRG_COM_IRQHandler
                0x000000000800a534       0x14 Src/stm32h7xx_it.o
                0x000000000800a534                TIM1_TRG_COM_IRQHandler
 .text.TIM2_IRQHandler
                0x000000000800a548       0x14 Src/stm32h7xx_it.o
                0x000000000800a548                TIM2_IRQHandler
 .text.TIM4_IRQHandler
                0x000000000800a55c       0x14 Src/stm32h7xx_it.o
                0x000000000800a55c                TIM4_IRQHandler
 .text.USART1_IRQHandler
                0x000000000800a570       0x14 Src/stm32h7xx_it.o
                0x000000000800a570                USART1_IRQHandler
 .text.TIM8_BRK_TIM12_IRQHandler
                0x000000000800a584       0x14 Src/stm32h7xx_it.o
                0x000000000800a584                TIM8_BRK_TIM12_IRQHandler
 .text.TIM8_TRG_COM_TIM14_IRQHandler
                0x000000000800a598       0x14 Src/stm32h7xx_it.o
                0x000000000800a598                TIM8_TRG_COM_TIM14_IRQHandler
 .text.TIM6_DAC_IRQHandler
                0x000000000800a5ac       0x14 Src/stm32h7xx_it.o
                0x000000000800a5ac                TIM6_DAC_IRQHandler
 .text.TIM7_IRQHandler
                0x000000000800a5c0       0x14 Src/stm32h7xx_it.o
                0x000000000800a5c0                TIM7_IRQHandler
 .text._sbrk    0x000000000800a5d4       0x58 Src/syscalls.o
                0x000000000800a5d4                _sbrk
 .text.SystemInit
                0x000000000800a62c       0x9c Src/system_stm32h7xx.o
                0x000000000800a62c                SystemInit
 .text.MX_TIM1_Init
                0x000000000800a6c8      0x18c Src/tim.o
                0x000000000800a6c8                MX_TIM1_Init
 .text.MX_TIM2_Init
                0x000000000800a854       0xbc Src/tim.o
                0x000000000800a854                MX_TIM2_Init
 .text.MX_TIM4_Init
                0x000000000800a910       0xc0 Src/tim.o
                0x000000000800a910                MX_TIM4_Init
 .text.MX_TIM5_Init
                0x000000000800a9d0       0xa8 Src/tim.o
                0x000000000800a9d0                MX_TIM5_Init
 .text.MX_TIM6_Init
                0x000000000800aa78       0x74 Src/tim.o
                0x000000000800aa78                MX_TIM6_Init
 .text.MX_TIM7_Init
                0x000000000800aaec       0x74 Src/tim.o
                0x000000000800aaec                MX_TIM7_Init
 .text.MX_TIM8_Init
                0x000000000800ab60      0x19c Src/tim.o
                0x000000000800ab60                MX_TIM8_Init
 .text.HAL_TIM_Base_MspInit
                0x000000000800acfc      0x1ec Src/tim.o
                0x000000000800acfc                HAL_TIM_Base_MspInit
 .text.HAL_TIM_PWM_MspInit
                0x000000000800aee8       0x44 Src/tim.o
                0x000000000800aee8                HAL_TIM_PWM_MspInit
 .text.HAL_TIM_MspPostInit
                0x000000000800af2c       0xf4 Src/tim.o
                0x000000000800af2c                HAL_TIM_MspPostInit
 .text.MX_USART1_UART_Init
                0x000000000800b020       0x80 Src/usart.o
                0x000000000800b020                MX_USART1_UART_Init
 .text.HAL_UART_MspInit
                0x000000000800b0a0       0x78 Src/usart.o
                0x000000000800b0a0                HAL_UART_MspInit
 .text.Reset_Handler
                0x000000000800b118       0x50 startup/startup_stm32h743xx.o
                0x000000000800b118                Reset_Handler
 .text.Default_Handler
                0x000000000800b168        0x2 startup/startup_stm32h743xx.o
                0x000000000800b168                RTC_Alarm_IRQHandler
                0x000000000800b168                EXTI2_IRQHandler
                0x000000000800b168                TIM8_CC_IRQHandler
                0x000000000800b168                HRTIM1_Master_IRQHandler
                0x000000000800b168                UART8_IRQHandler
                0x000000000800b168                SPI4_IRQHandler
                0x000000000800b168                TIM1_CC_IRQHandler
                0x000000000800b168                BDMA_Channel6_IRQHandler
                0x000000000800b168                DMA2_Stream5_IRQHandler
                0x000000000800b168                HRTIM1_FLT_IRQHandler
                0x000000000800b168                JPEG_IRQHandler
                0x000000000800b168                DMA1_Stream5_IRQHandler
                0x000000000800b168                BDMA_Channel1_IRQHandler
                0x000000000800b168                HRTIM1_TIMD_IRQHandler
                0x000000000800b168                TAMP_STAMP_IRQHandler
                0x000000000800b168                EXTI3_IRQHandler
                0x000000000800b168                LPTIM4_IRQHandler
                0x000000000800b168                LPTIM2_IRQHandler
                0x000000000800b168                DFSDM1_FLT1_IRQHandler
                0x000000000800b168                DMAMUX2_OVR_IRQHandler
                0x000000000800b168                TIM8_UP_TIM13_IRQHandler
                0x000000000800b168                I2C3_ER_IRQHandler
                0x000000000800b168                DFSDM1_FLT2_IRQHandler
                0x000000000800b168                MDMA_IRQHandler
                0x000000000800b168                LPTIM3_IRQHandler
                0x000000000800b168                HSEM1_IRQHandler
                0x000000000800b168                EXTI0_IRQHandler
                0x000000000800b168                I2C2_EV_IRQHandler
                0x000000000800b168                DMA1_Stream2_IRQHandler
                0x000000000800b168                FPU_IRQHandler
                0x000000000800b168                OTG_HS_WKUP_IRQHandler
                0x000000000800b168                FDCAN1_IT1_IRQHandler
                0x000000000800b168                LTDC_ER_IRQHandler
                0x000000000800b168                DMA2_Stream2_IRQHandler
                0x000000000800b168                HRTIM1_TIME_IRQHandler
                0x000000000800b168                SPI1_IRQHandler
                0x000000000800b168                DCMI_IRQHandler
                0x000000000800b168                HRTIM1_TIMC_IRQHandler
                0x000000000800b168                DMA2_Stream3_IRQHandler
                0x000000000800b168                SAI2_IRQHandler
                0x000000000800b168                DFSDM1_FLT3_IRQHandler
                0x000000000800b168                USART6_IRQHandler
                0x000000000800b168                TIM17_IRQHandler
                0x000000000800b168                USART3_IRQHandler
                0x000000000800b168                BDMA_Channel7_IRQHandler
                0x000000000800b168                LPTIM5_IRQHandler
                0x000000000800b168                UART5_IRQHandler
                0x000000000800b168                ADC3_IRQHandler
                0x000000000800b168                DMA2_Stream0_IRQHandler
                0x000000000800b168                BDMA_Channel2_IRQHandler
                0x000000000800b168                QUADSPI_IRQHandler
                0x000000000800b168                I2C1_EV_IRQHandler
                0x000000000800b168                DMA1_Stream6_IRQHandler
                0x000000000800b168                DMAMUX1_OVR_IRQHandler
                0x000000000800b168                DMA1_Stream1_IRQHandler
                0x000000000800b168                TIM16_IRQHandler
                0x000000000800b168                UART4_IRQHandler
                0x000000000800b168                BDMA_Channel5_IRQHandler
                0x000000000800b168                TIM3_IRQHandler
                0x000000000800b168                RCC_IRQHandler
                0x000000000800b168                Default_Handler
                0x000000000800b168                CEC_IRQHandler
                0x000000000800b168                EXTI15_10_IRQHandler
                0x000000000800b168                BDMA_Channel0_IRQHandler
                0x000000000800b168                ADC_IRQHandler
                0x000000000800b168                DMA1_Stream7_IRQHandler
                0x000000000800b168                HRTIM1_TIMA_IRQHandler
                0x000000000800b168                SPI5_IRQHandler
                0x000000000800b168                SDMMC1_IRQHandler
                0x000000000800b168                TIM5_IRQHandler
                0x000000000800b168                DMA2_Stream7_IRQHandler
                0x000000000800b168                TIM15_IRQHandler
                0x000000000800b168                PVD_AVD_IRQHandler
                0x000000000800b168                I2C3_EV_IRQHandler
                0x000000000800b168                EXTI9_5_IRQHandler
                0x000000000800b168                RTC_WKUP_IRQHandler
                0x000000000800b168                LTDC_IRQHandler
                0x000000000800b168                SAI3_IRQHandler
                0x000000000800b168                ETH_WKUP_IRQHandler
                0x000000000800b168                SPDIF_RX_IRQHandler
                0x000000000800b168                SPI2_IRQHandler
                0x000000000800b168                OTG_HS_EP1_IN_IRQHandler
                0x000000000800b168                DMA1_Stream0_IRQHandler
                0x000000000800b168                CRS_IRQHandler
                0x000000000800b168                EXTI4_IRQHandler
                0x000000000800b168                RNG_IRQHandler
                0x000000000800b168                HRTIM1_TIMB_IRQHandler
                0x000000000800b168                FDCAN2_IT1_IRQHandler
                0x000000000800b168                ETH_IRQHandler
                0x000000000800b168                TIM1_UP_IRQHandler
                0x000000000800b168                BDMA_Channel4_IRQHandler
                0x000000000800b168                OTG_HS_EP1_OUT_IRQHandler
                0x000000000800b168                WWDG_IRQHandler
                0x000000000800b168                SPI6_IRQHandler
                0x000000000800b168                MDIOS_IRQHandler
                0x000000000800b168                I2C4_EV_IRQHandler
                0x000000000800b168                FDCAN2_IT0_IRQHandler
                0x000000000800b168                LPUART1_IRQHandler
                0x000000000800b168                FDCAN1_IT0_IRQHandler
                0x000000000800b168                OTG_FS_WKUP_IRQHandler
                0x000000000800b168                OTG_HS_IRQHandler
                0x000000000800b168                DMA2D_IRQHandler
                0x000000000800b168                EXTI1_IRQHandler
                0x000000000800b168                SDMMC2_IRQHandler
                0x000000000800b168                OTG_FS_EP1_OUT_IRQHandler
                0x000000000800b168                BDMA_Channel3_IRQHandler
                0x000000000800b168                UART7_IRQHandler
                0x000000000800b168                MDIOS_WKUP_IRQHandler
                0x000000000800b168                USART2_IRQHandler
                0x000000000800b168                DFSDM1_FLT0_IRQHandler
                0x000000000800b168                SAI4_IRQHandler
                0x000000000800b168                I2C2_ER_IRQHandler
                0x000000000800b168                DMA2_Stream1_IRQHandler
                0x000000000800b168                FLASH_IRQHandler
                0x000000000800b168                DMA2_Stream4_IRQHandler
                0x000000000800b168                OTG_FS_IRQHandler
                0x000000000800b168                SPI3_IRQHandler
                0x000000000800b168                WAKEUP_PIN_IRQHandler
                0x000000000800b168                DMA1_Stream4_IRQHandler
                0x000000000800b168                OTG_FS_EP1_IN_IRQHandler
                0x000000000800b168                I2C1_ER_IRQHandler
                0x000000000800b168                FMC_IRQHandler
                0x000000000800b168                FDCAN_CAL_IRQHandler
                0x000000000800b168                SWPMI1_IRQHandler
                0x000000000800b168                COMP1_IRQHandler
                0x000000000800b168                LPTIM1_IRQHandler
                0x000000000800b168                I2C4_ER_IRQHandler
                0x000000000800b168                DMA2_Stream6_IRQHandler
                0x000000000800b168                SAI1_IRQHandler
                0x000000000800b168                DMA1_Stream3_IRQHandler
 *fill*         0x000000000800b16a        0x2 
 .text.__errno  0x000000000800b16c        0xc /usr/bin/../lib/gcc/arm-none-eabi/7.2.1/../../../../arm-none-eabi/lib/thumb/v7e-m/libg_nano.a(lib_a-errno.o)
                0x000000000800b16c                __errno
 .text.__libc_init_array
                0x000000000800b178       0x48 /usr/bin/../lib/gcc/arm-none-eabi/7.2.1/../../../../arm-none-eabi/lib/thumb/v7e-m/libg_nano.a(lib_a-init.o)
                0x000000000800b178                __libc_init_array
 .text.memset   0x000000000800b1c0       0x10 /usr/bin/../lib/gcc/arm-none-eabi/7.2.1/../../../../arm-none-eabi/lib/thumb/v7e-m/libg_nano.a(lib_a-memset.o)
                0x000000000800b1c0                memset
 .text.__cvt    0x000000000800b1d0       0xb8 /usr/bin/../lib/gcc/arm-none-eabi/7.2.1/../../../../arm-none-eabi/lib/thumb/v7e-m/libg_nano.a(lib_a-nano-vfprintf_float.o)
                0x000000000800b1d0                __cvt
 .text.__exponent
                0x000000000800b288       0x66 /usr/bin/../lib/gcc/arm-none-eabi/7.2.1/../../../../arm-none-eabi/lib/thumb/v7e-m/libg_nano.a(lib_a-nano-vfprintf_float.o)
                0x000000000800b288                __exponent
 *fill*         0x000000000800b2ee        0x2 
 .text._printf_float
                0x000000000800b2f0      0x46c /usr/bin/../lib/gcc/arm-none-eabi/7.2.1/../../../../arm-none-eabi/lib/thumb/v7e-m/libg_nano.a(lib_a-nano-vfprintf_float.o)
                0x000000000800b2f0                _printf_float
 .text._printf_common
                0x000000000800b75c       0xea /usr/bin/../lib/gcc/arm-none-eabi/7.2.1/../../../../arm-none-eabi/lib/thumb/v7e-m/libg_nano.a(lib_a-nano-vfprintf_i.o)
                0x000000000800b75c                _printf_common
 .text.quorem   0x000000000800b846      0x118 /usr/bin/../lib/gcc/arm-none-eabi/7.2.1/../../../../arm-none-eabi/lib/thumb/v7e-m/libg_nano.a(lib_a-dtoa.o)
 *fill*         0x000000000800b95e        0x2 
 .text._dtoa_r  0x000000000800b960      0xb74 /usr/bin/../lib/gcc/arm-none-eabi/7.2.1/../../../../arm-none-eabi/lib/thumb/v7e-m/libg_nano.a(lib_a-dtoa.o)
                0x000000000800b960                _dtoa_r
 .text._localeconv_r
                0x000000000800c4d4       0x1c /usr/bin/../lib/gcc/arm-none-eabi/7.2.1/../../../../arm-none-eabi/lib/thumb/v7e-m/libg_nano.a(lib_a-localeconv.o)
                0x000000000800c4d4                _localeconv_r
 .text.malloc   0x000000000800c4f0       0x10 /usr/bin/../lib/gcc/arm-none-eabi/7.2.1/../../../../arm-none-eabi/lib/thumb/v7e-m/libg_nano.a(lib_a-malloc.o)
                0x000000000800c4f0                malloc
 .text.memcpy   0x000000000800c500       0x16 /usr/bin/../lib/gcc/arm-none-eabi/7.2.1/../../../../arm-none-eabi/lib/thumb/v7e-m/libg_nano.a(lib_a-memcpy-stub.o)
                0x000000000800c500                memcpy
 .text._Balloc  0x000000000800c516       0x68 /usr/bin/../lib/gcc/arm-none-eabi/7.2.1/../../../../arm-none-eabi/lib/thumb/v7e-m/libg_nano.a(lib_a-mprec.o)
                0x000000000800c516                _Balloc
 .text._Bfree   0x000000000800c57e       0x2e /usr/bin/../lib/gcc/arm-none-eabi/7.2.1/../../../../arm-none-eabi/lib/thumb/v7e-m/libg_nano.a(lib_a-mprec.o)
                0x000000000800c57e                _Bfree
 .text.__multadd
                0x000000000800c5ac       0x76 /usr/bin/../lib/gcc/arm-none-eabi/7.2.1/../../../../arm-none-eabi/lib/thumb/v7e-m/libg_nano.a(lib_a-mprec.o)
                0x000000000800c5ac                __multadd
 .text.__hi0bits
                0x000000000800c622       0x3e /usr/bin/../lib/gcc/arm-none-eabi/7.2.1/../../../../arm-none-eabi/lib/thumb/v7e-m/libg_nano.a(lib_a-mprec.o)
                0x000000000800c622                __hi0bits
 .text.__lo0bits
                0x000000000800c660       0x5e /usr/bin/../lib/gcc/arm-none-eabi/7.2.1/../../../../arm-none-eabi/lib/thumb/v7e-m/libg_nano.a(lib_a-mprec.o)
                0x000000000800c660                __lo0bits
 .text.__i2b    0x000000000800c6be       0x12 /usr/bin/../lib/gcc/arm-none-eabi/7.2.1/../../../../arm-none-eabi/lib/thumb/v7e-m/libg_nano.a(lib_a-mprec.o)
                0x000000000800c6be                __i2b
 .text.__multiply
                0x000000000800c6d0      0x12c /usr/bin/../lib/gcc/arm-none-eabi/7.2.1/../../../../arm-none-eabi/lib/thumb/v7e-m/libg_nano.a(lib_a-mprec.o)
                0x000000000800c6d0                __multiply
 .text.__pow5mult
                0x000000000800c7fc       0x9c /usr/bin/../lib/gcc/arm-none-eabi/7.2.1/../../../../arm-none-eabi/lib/thumb/v7e-m/libg_nano.a(lib_a-mprec.o)
                0x000000000800c7fc                __pow5mult
 .text.__lshift
                0x000000000800c898       0xa8 /usr/bin/../lib/gcc/arm-none-eabi/7.2.1/../../../../arm-none-eabi/lib/thumb/v7e-m/libg_nano.a(lib_a-mprec.o)
                0x000000000800c898                __lshift
 .text.__mcmp   0x000000000800c940       0x34 /usr/bin/../lib/gcc/arm-none-eabi/7.2.1/../../../../arm-none-eabi/lib/thumb/v7e-m/libg_nano.a(lib_a-mprec.o)
                0x000000000800c940                __mcmp
 .text.__mdiff  0x000000000800c974       0xba /usr/bin/../lib/gcc/arm-none-eabi/7.2.1/../../../../arm-none-eabi/lib/thumb/v7e-m/libg_nano.a(lib_a-mprec.o)
                0x000000000800c974                __mdiff
 .text.__d2b    0x000000000800ca2e       0x9e /usr/bin/../lib/gcc/arm-none-eabi/7.2.1/../../../../arm-none-eabi/lib/thumb/v7e-m/libg_nano.a(lib_a-mprec.o)
                0x000000000800ca2e                __d2b
 .text._calloc_r
                0x000000000800cacc       0x1c /usr/bin/../lib/gcc/arm-none-eabi/7.2.1/../../../../arm-none-eabi/lib/thumb/v7e-m/libg_nano.a(lib_a-nano-callocr.o)
                0x000000000800cacc                _calloc_r
 .text._malloc_r
                0x000000000800cae8       0xb4 /usr/bin/../lib/gcc/arm-none-eabi/7.2.1/../../../../arm-none-eabi/lib/thumb/v7e-m/libg_nano.a(lib_a-nano-mallocr.o)
                0x000000000800cae8                _malloc_r
 .text._sbrk_r  0x000000000800cb9c       0x20 /usr/bin/../lib/gcc/arm-none-eabi/7.2.1/../../../../arm-none-eabi/lib/thumb/v7e-m/libg_nano.a(lib_a-sbrkr.o)
                0x000000000800cb9c                _sbrk_r
 .text.__ascii_mbtowc
                0x000000000800cbbc       0x24 /usr/bin/../lib/gcc/arm-none-eabi/7.2.1/../../../../arm-none-eabi/lib/thumb/v7e-m/libg_nano.a(lib_a-mbtowc_r.o)
                0x000000000800cbbc                __ascii_mbtowc
 .text.__malloc_lock
                0x000000000800cbe0        0x2 /usr/bin/../lib/gcc/arm-none-eabi/7.2.1/../../../../arm-none-eabi/lib/thumb/v7e-m/libg_nano.a(lib_a-mlock.o)
                0x000000000800cbe0                __malloc_lock
 .text.__malloc_unlock
                0x000000000800cbe2        0x2 /usr/bin/../lib/gcc/arm-none-eabi/7.2.1/../../../../arm-none-eabi/lib/thumb/v7e-m/libg_nano.a(lib_a-mlock.o)
                0x000000000800cbe2                __malloc_unlock
 .text.__ascii_wctomb
                0x000000000800cbe4       0x1a /usr/bin/../lib/gcc/arm-none-eabi/7.2.1/../../../../arm-none-eabi/lib/thumb/v7e-m/libg_nano.a(lib_a-wctomb_r.o)
                0x000000000800cbe4                __ascii_wctomb
 *(.glue_7)
 .glue_7        0x000000000800cbfe        0x0 linker stubs
 *(.glue_7t)
 .glue_7t       0x000000000800cbfe        0x0 linker stubs
 *(.eh_frame)
 *fill*         0x000000000800cbfe        0x2 
 .eh_frame      0x000000000800cc00        0x0 /usr/bin/../lib/gcc/arm-none-eabi/7.2.1/thumb/v7e-m/crtbegin.o
 *(.init)
 .init          0x000000000800cc00        0x4 /usr/bin/../lib/gcc/arm-none-eabi/7.2.1/thumb/v7e-m/crti.o
                0x000000000800cc00                _init
 .init          0x000000000800cc04        0x8 /usr/bin/../lib/gcc/arm-none-eabi/7.2.1/thumb/v7e-m/crtn.o
 *(.fini)
 .fini          0x000000000800cc0c        0x4 /usr/bin/../lib/gcc/arm-none-eabi/7.2.1/thumb/v7e-m/crti.o
                0x000000000800cc0c                _fini
 .fini          0x000000000800cc10        0x8 /usr/bin/../lib/gcc/arm-none-eabi/7.2.1/thumb/v7e-m/crtn.o
                0x000000000800cc18                . = ALIGN (0x4)
                0x000000000800cc18                _etext = .

.vfp11_veneer   0x000000000800cc18        0x0
 .vfp11_veneer  0x000000000800cc18        0x0 linker stubs

.v4_bx          0x000000000800cc18        0x0
 .v4_bx         0x000000000800cc18        0x0 linker stubs

.iplt           0x000000000800cc18        0x0
 .iplt          0x000000000800cc18        0x0 /usr/bin/../lib/gcc/arm-none-eabi/7.2.1/thumb/v7e-m/crtbegin.o

.rodata         0x000000000800cc18      0x310
                0x000000000800cc18                . = ALIGN (0x4)
 *(.rodata)
 .rodata        0x000000000800cc18        0xd Src/adc.o
 *fill*         0x000000000800cc25        0x3 
 .rodata        0x000000000800cc28        0xd Src/i2c.o
 *fill*         0x000000000800cc35        0x3 
 .rodata        0x000000000800cc38        0xe Src/main.o
 *fill*         0x000000000800cc46        0x2 
 .rodata        0x000000000800cc48        0xd Src/spi.o
 *fill*         0x000000000800cc55        0x3 
 .rodata        0x000000000800cc58        0xd Src/tim.o
 *fill*         0x000000000800cc65        0x3 
 .rodata        0x000000000800cc68        0xf Src/usart.o
 *(.rodata*)
 *fill*         0x000000000800cc77        0x1 
 .rodata.UARTPrescTable
                0x000000000800cc78       0x18 Drivers/STM32H7xx_HAL_Driver/Src/stm32h7xx_hal_uart.o
 .rodata.BLDC_BRIDGE_STATE_BACKWARD
                0x000000000800cc90       0x30 Src/peripherals/motors/bldc.o
 .rodata.BLDC_BRIDGE_STATE_FORWARD
                0x000000000800ccc0       0x30 Src/peripherals/motors/bldc.o
 .rodata.D1CorePrescTable
                0x000000000800ccf0       0x10 Src/system_stm32h7xx.o
                0x000000000800ccf0                D1CorePrescTable
 .rodata._printf_float.str1.1
                0x000000000800cd00       0x12 /usr/bin/../lib/gcc/arm-none-eabi/7.2.1/../../../../arm-none-eabi/lib/thumb/v7e-m/libg_nano.a(lib_a-nano-vfprintf_float.o)
 .rodata._dtoa_r.str1.1
                0x000000000800cd12        0xd /usr/bin/../lib/gcc/arm-none-eabi/7.2.1/../../../../arm-none-eabi/lib/thumb/v7e-m/libg_nano.a(lib_a-dtoa.o)
                                          0xf (size before relaxing)
 *fill*         0x000000000800cd1f        0x1 
 .rodata.__mprec_bigtens
                0x000000000800cd20       0x28 /usr/bin/../lib/gcc/arm-none-eabi/7.2.1/../../../../arm-none-eabi/lib/thumb/v7e-m/libg_nano.a(lib_a-mprec.o)
                0x000000000800cd20                __mprec_bigtens
 .rodata.__mprec_tens
                0x000000000800cd48       0xc8 /usr/bin/../lib/gcc/arm-none-eabi/7.2.1/../../../../arm-none-eabi/lib/thumb/v7e-m/libg_nano.a(lib_a-mprec.o)
                0x000000000800cd48                __mprec_tens
 .rodata.p05.6084
                0x000000000800ce10        0xc /usr/bin/../lib/gcc/arm-none-eabi/7.2.1/../../../../arm-none-eabi/lib/thumb/v7e-m/libg_nano.a(lib_a-mprec.o)
 .rodata._setlocale_r.str1.1
                0x000000000800ce1c        0x8 /usr/bin/../lib/gcc/arm-none-eabi/7.2.1/../../../../arm-none-eabi/lib/thumb/v7e-m/libg_nano.a(lib_a-locale.o)
                                          0x9 (size before relaxing)
 .rodata.str1.1
                0x000000000800ce24        0x2 /usr/bin/../lib/gcc/arm-none-eabi/7.2.1/../../../../arm-none-eabi/lib/thumb/v7e-m/libg_nano.a(lib_a-locale.o)
 .rodata._ctype_
                0x000000000800ce26      0x101 /usr/bin/../lib/gcc/arm-none-eabi/7.2.1/../../../../arm-none-eabi/lib/thumb/v7e-m/libg_nano.a(lib_a-ctype_.o)
                0x000000000800ce26                _ctype_
                0x000000000800cf28                . = ALIGN (0x4)
 *fill*         0x000000000800cf27        0x1 

.ARM.extab
 *(.ARM.extab* .gnu.linkonce.armextab.*)

.ARM            0x000000000800cf28        0x8
                0x000000000800cf28                __exidx_start = .
 *(.ARM.exidx*)
 .ARM.exidx     0x000000000800cf28        0x8 /usr/bin/../lib/gcc/arm-none-eabi/7.2.1/thumb/v7e-m/libgcc.a(_udivmoddi4.o)
                0x000000000800cf30                __exidx_end = .

.rel.dyn        0x000000000800cf30        0x0
 .rel.iplt      0x000000000800cf30        0x0 /usr/bin/../lib/gcc/arm-none-eabi/7.2.1/thumb/v7e-m/crtbegin.o

.preinit_array  0x000000000800cf30        0x0
                0x000000000800cf30                PROVIDE (__preinit_array_start, .)
 *(.preinit_array*)
                0x000000000800cf30                PROVIDE (__preinit_array_end, .)

.init_array     0x000000000800cf30        0x4
                0x000000000800cf30                PROVIDE (__init_array_start, .)
 *(SORT_BY_NAME(.init_array.*))
 *(.init_array*)
 .init_array    0x000000000800cf30        0x4 /usr/bin/../lib/gcc/arm-none-eabi/7.2.1/thumb/v7e-m/crtbegin.o
                0x000000000800cf34                PROVIDE (__init_array_end, .)

.fini_array     0x000000000800cf34        0x4
                [!provide]                        PROVIDE (__fini_array_start, .)
 *(SORT_BY_NAME(.fini_array.*))
 *(.fini_array*)
 .fini_array    0x000000000800cf34        0x4 /usr/bin/../lib/gcc/arm-none-eabi/7.2.1/thumb/v7e-m/crtbegin.o
                [!provide]                        PROVIDE (__fini_array_end, .)
                0x000000000800cf38                _sidata = LOADADDR (.data)

.data           0x0000000020000000      0x22c load address 0x000000000800cf38
                0x0000000020000000                . = ALIGN (0x4)
                0x0000000020000000                _sdata = .
 *(.data)
 *(.data*)
 .data.uwTickPrio
                0x0000000020000000        0x4 Drivers/STM32H7xx_HAL_Driver/Src/stm32h7xx_hal.o
 .data.uwTickFreq
                0x0000000020000004        0x1 Drivers/STM32H7xx_HAL_Driver/Src/stm32h7xx_hal.o
 *fill*         0x0000000020000005        0x3 
 .data.left_encoder
                0x0000000020000008       0x20 Src/peripherals/encoders/encoder.o
                0x0000000020000008                left_encoder
 .data.right_encoder
                0x0000000020000028       0x20 Src/peripherals/encoders/encoder.o
                0x0000000020000028                right_encoder
 .data.Blink    0x0000000020000048        0xc Src/peripherals/times_base/times_base.o
 .data.SystemCoreClock
                0x0000000020000054        0x4 Src/system_stm32h7xx.o
                0x0000000020000054                SystemCoreClock
 .data.SystemD2Clock
                0x0000000020000058        0x4 Src/system_stm32h7xx.o
                0x0000000020000058                SystemD2Clock
 .data._impure_ptr
                0x000000002000005c        0x4 /usr/bin/../lib/gcc/arm-none-eabi/7.2.1/../../../../arm-none-eabi/lib/thumb/v7e-m/libg_nano.a(lib_a-impure.o)
                0x000000002000005c                _impure_ptr
 .data.impure_data
                0x0000000020000060       0x60 /usr/bin/../lib/gcc/arm-none-eabi/7.2.1/../../../../arm-none-eabi/lib/thumb/v7e-m/libg_nano.a(lib_a-impure.o)
 .data.__global_locale
                0x00000000200000c0      0x16c /usr/bin/../lib/gcc/arm-none-eabi/7.2.1/../../../../arm-none-eabi/lib/thumb/v7e-m/libg_nano.a(lib_a-locale.o)
                0x00000000200000c0                __global_locale
                0x000000002000022c                . = ALIGN (0x4)
                0x000000002000022c                _edata = .

.igot.plt       0x000000002000022c        0x0 load address 0x000000000800d164
 .igot.plt      0x000000002000022c        0x0 /usr/bin/../lib/gcc/arm-none-eabi/7.2.1/thumb/v7e-m/crtbegin.o
                0x000000002000022c                . = ALIGN (0x4)

.bss            0x0000000020000230      0x72c load address 0x000000000800d164
                0x0000000020000230                _sbss = .
                0x0000000020000230                __bss_start__ = _sbss
 *(.bss)
 .bss           0x0000000020000230       0x1c /usr/bin/../lib/gcc/arm-none-eabi/7.2.1/thumb/v7e-m/crtbegin.o
 *(.bss*)
 .bss.uwTick    0x000000002000024c        0x4 Drivers/STM32H7xx_HAL_Driver/Src/stm32h7xx_hal.o
 .bss.pid_loop  0x0000000020000250        0x1 Src/middleware/controls/mainControl/mainControl.o
 *fill*         0x0000000020000251        0x7 
 .bss.position_control
                0x0000000020000258       0x50 Src/middleware/controls/mainControl/positionControl.o
 .bss.speed_params
                0x00000000200002a8       0x70 Src/middleware/controls/mainControl/speedControl.o
 .bss.speed_control
                0x0000000020000318       0x60 Src/middleware/controls/mainControl/speedControl.o
 .bss.cnt.10473
                0x0000000020000378        0x4 Src/peripherals/callback/user_it_callback.o
 .bss.rv.10474  0x000000002000037c        0x4 Src/peripherals/callback/user_it_callback.o
 .bss.left_motor
                0x0000000020000380       0x74 Src/peripherals/motors/bldc.o
 .bss.right_motor
                0x00000000200003f4       0x74 Src/peripherals/motors/bldc.o
 .bss.cnt_led.12795
                0x0000000020000468        0x4 Src/peripherals/times_base/times_base.o
 .bss.cnt_repeat.12796
                0x000000002000046c        0x4 Src/peripherals/times_base/times_base.o
 .bss.tone_duration
                0x0000000020000470        0x4 Src/peripherals/tone/tone.o
 .bss.heap_end.5959
                0x0000000020000474        0x4 Src/syscalls.o
 .bss.__malloc_free_list
                0x0000000020000478        0x4 /usr/bin/../lib/gcc/arm-none-eabi/7.2.1/../../../../arm-none-eabi/lib/thumb/v7e-m/libg_nano.a(lib_a-nano-mallocr.o)
                0x0000000020000478                __malloc_free_list
 .bss.__malloc_sbrk_start
                0x000000002000047c        0x4 /usr/bin/../lib/gcc/arm-none-eabi/7.2.1/../../../../arm-none-eabi/lib/thumb/v7e-m/libg_nano.a(lib_a-nano-mallocr.o)
                0x000000002000047c                __malloc_sbrk_start
 *(COMMON)
 COMMON         0x0000000020000480       0xc8 Src/adc.o
                0x0000000020000480                hadc1
                0x00000000200004e4                hadc3
 COMMON         0x0000000020000548      0x134 Src/i2c.o
                0x0000000020000548                hi2c3
                0x0000000020000594                hi2c1
                0x00000000200005e0                hi2c2
                0x000000002000062c                hsmbus4
 *fill*         0x000000002000067c        0x4 
 COMMON         0x0000000020000680       0x10 Src/middleware/controls/mainControl/transfertFunction.o
                0x0000000020000680                transfert_function
 COMMON         0x0000000020000690       0x88 Src/spi.o
                0x0000000020000690                hspi3
 COMMON         0x0000000020000718      0x1c0 Src/tim.o
                0x0000000020000718                htim8
                0x0000000020000758                htim4
                0x0000000020000798                htim5
                0x00000000200007d8                htim6
                0x0000000020000818                htim1
                0x0000000020000858                htim2
                0x0000000020000898                htim7
 COMMON         0x00000000200008d8       0x80 Src/usart.o
                0x00000000200008d8                huart1
 COMMON         0x0000000020000958        0x4 /usr/bin/../lib/gcc/arm-none-eabi/7.2.1/../../../../arm-none-eabi/lib/thumb/v7e-m/libg_nano.a(lib_a-reent.o)
                0x0000000020000958                errno
                0x000000002000095c                . = ALIGN (0x4)
                0x000000002000095c                _ebss = .
                0x000000002000095c                __bss_end__ = _ebss

._user_heap_stack
                0x000000002000095c      0x604 load address 0x000000000800d164
                0x0000000020000960                . = ALIGN (0x8)
 *fill*         0x000000002000095c        0x4 
                0x0000000020000960                PROVIDE (end, .)
                [!provide]                        PROVIDE (_end, .)
                0x0000000020000b60                . = (. + _Min_Heap_Size)
 *fill*         0x0000000020000960      0x200 
                0x0000000020000f60                . = (. + _Min_Stack_Size)
 *fill*         0x0000000020000b60      0x400 
                0x0000000020000f60                . = ALIGN (0x8)

/DISCARD/
 libc.a(*)
 libm.a(*)
 libgcc.a(*)

.ARM.attributes
                0x0000000000000000       0x2a
 *(.ARM.attributes)
 .ARM.attributes
                0x0000000000000000       0x1e /usr/bin/../lib/gcc/arm-none-eabi/7.2.1/thumb/v7e-m/crti.o
 .ARM.attributes
                0x000000000000001e       0x2e /usr/bin/../lib/gcc/arm-none-eabi/7.2.1/thumb/v7e-m/crtbegin.o
 .ARM.attributes
                0x000000000000004c       0x33 Drivers/STM32H7xx_HAL_Driver/Src/stm32h7xx_hal.o
 .ARM.attributes
                0x000000000000007f       0x33 Drivers/STM32H7xx_HAL_Driver/Src/stm32h7xx_hal_adc.o
 .ARM.attributes
                0x00000000000000b2       0x33 Drivers/STM32H7xx_HAL_Driver/Src/stm32h7xx_hal_adc_ex.o
 .ARM.attributes
                0x00000000000000e5       0x33 Drivers/STM32H7xx_HAL_Driver/Src/stm32h7xx_hal_cortex.o
 .ARM.attributes
                0x0000000000000118       0x33 Drivers/STM32H7xx_HAL_Driver/Src/stm32h7xx_hal_dma.o
 .ARM.attributes
                0x000000000000014b       0x33 Drivers/STM32H7xx_HAL_Driver/Src/stm32h7xx_hal_gpio.o
 .ARM.attributes
                0x000000000000017e       0x33 Drivers/STM32H7xx_HAL_Driver/Src/stm32h7xx_hal_i2c.o
 .ARM.attributes
                0x00000000000001b1       0x33 Drivers/STM32H7xx_HAL_Driver/Src/stm32h7xx_hal_i2c_ex.o
 .ARM.attributes
                0x00000000000001e4       0x33 Drivers/STM32H7xx_HAL_Driver/Src/stm32h7xx_hal_rcc.o
 .ARM.attributes
                0x0000000000000217       0x33 Drivers/STM32H7xx_HAL_Driver/Src/stm32h7xx_hal_rcc_ex.o
 .ARM.attributes
                0x000000000000024a       0x33 Drivers/STM32H7xx_HAL_Driver/Src/stm32h7xx_hal_smbus.o
 .ARM.attributes
                0x000000000000027d       0x33 Drivers/STM32H7xx_HAL_Driver/Src/stm32h7xx_hal_spi.o
 .ARM.attributes
                0x00000000000002b0       0x33 Drivers/STM32H7xx_HAL_Driver/Src/stm32h7xx_hal_tim.o
 .ARM.attributes
                0x00000000000002e3       0x33 Drivers/STM32H7xx_HAL_Driver/Src/stm32h7xx_hal_tim_ex.o
 .ARM.attributes
                0x0000000000000316       0x33 Drivers/STM32H7xx_HAL_Driver/Src/stm32h7xx_hal_uart.o
 .ARM.attributes
                0x0000000000000349       0x33 Drivers/STM32H7xx_HAL_Driver/Src/stm32h7xx_hal_uart_ex.o
 .ARM.attributes
                0x000000000000037c       0x33 Src/adc.o
 .ARM.attributes
                0x00000000000003af       0x33 Src/gpio.o
 .ARM.attributes
                0x00000000000003e2       0x33 Src/i2c.o
 .ARM.attributes
                0x0000000000000415       0x33 Src/main.o
 .ARM.attributes
                0x0000000000000448       0x33 Src/middleware/controls/mainControl/mainControl.o
 .ARM.attributes
                0x000000000000047b       0x33 Src/middleware/controls/mainControl/positionControl.o
 .ARM.attributes
                0x00000000000004ae       0x33 Src/middleware/controls/mainControl/speedControl.o
 .ARM.attributes
                0x00000000000004e1       0x33 Src/middleware/controls/mainControl/transfertFunction.o
 .ARM.attributes
                0x0000000000000514       0x33 Src/middleware/controls/pidController/pidController.o
 .ARM.attributes
                0x0000000000000547       0x33 Src/peripherals/callback/user_it_callback.o
 .ARM.attributes
                0x000000000000057a       0x33 Src/peripherals/encoders/encoder.o
 .ARM.attributes
                0x00000000000005ad       0x33 Src/peripherals/motors/bldc.o
 .ARM.attributes
                0x00000000000005e0       0x33 Src/peripherals/times_base/times_base.o
 .ARM.attributes
                0x0000000000000613       0x33 Src/peripherals/tone/tone.o
 .ARM.attributes
                0x0000000000000646       0x33 Src/spi.o
 .ARM.attributes
                0x0000000000000679       0x33 Src/stm32h7xx_hal_msp.o
 .ARM.attributes
                0x00000000000006ac       0x33 Src/stm32h7xx_it.o
 .ARM.attributes
                0x00000000000006df       0x33 Src/syscalls.o
 .ARM.attributes
                0x0000000000000712       0x33 Src/system_stm32h7xx.o
 .ARM.attributes
                0x0000000000000745       0x33 Src/tim.o
 .ARM.attributes
                0x0000000000000778       0x33 Src/usart.o
 .ARM.attributes
                0x00000000000007ab       0x21 startup/startup_stm32h743xx.o
 .ARM.attributes
                0x00000000000007cc       0x1e /usr/bin/../lib/gcc/arm-none-eabi/7.2.1/thumb/v7e-m/libgcc.a(_arm_addsubdf3.o)
 .ARM.attributes
                0x00000000000007ea       0x1e /usr/bin/../lib/gcc/arm-none-eabi/7.2.1/thumb/v7e-m/libgcc.a(_arm_muldivdf3.o)
 .ARM.attributes
                0x0000000000000808       0x1e /usr/bin/../lib/gcc/arm-none-eabi/7.2.1/thumb/v7e-m/libgcc.a(_arm_cmpdf2.o)
 .ARM.attributes
                0x0000000000000826       0x1e /usr/bin/../lib/gcc/arm-none-eabi/7.2.1/thumb/v7e-m/libgcc.a(_arm_fixdfsi.o)
 .ARM.attributes
                0x0000000000000844       0x1e /usr/bin/../lib/gcc/arm-none-eabi/7.2.1/thumb/v7e-m/libgcc.a(_arm_truncdfsf2.o)
 .ARM.attributes
                0x0000000000000862       0x1e /usr/bin/../lib/gcc/arm-none-eabi/7.2.1/thumb/v7e-m/libgcc.a(_arm_addsubsf3.o)
 .ARM.attributes
                0x0000000000000880       0x1e /usr/bin/../lib/gcc/arm-none-eabi/7.2.1/thumb/v7e-m/libgcc.a(_arm_muldivsf3.o)
 .ARM.attributes
                0x000000000000089e       0x1e /usr/bin/../lib/gcc/arm-none-eabi/7.2.1/thumb/v7e-m/libgcc.a(_arm_fixunssfsi.o)
 .ARM.attributes
                0x00000000000008bc       0x1e /usr/bin/../lib/gcc/arm-none-eabi/7.2.1/thumb/v7e-m/libgcc.a(_aeabi_uldivmod.o)
 .ARM.attributes
                0x00000000000008da       0x2e /usr/bin/../lib/gcc/arm-none-eabi/7.2.1/thumb/v7e-m/libgcc.a(_udivmoddi4.o)
 .ARM.attributes
                0x0000000000000908       0x1e /usr/bin/../lib/gcc/arm-none-eabi/7.2.1/thumb/v7e-m/libgcc.a(_dvmd_tls.o)
 .ARM.attributes
                0x0000000000000926       0x2e /usr/bin/../lib/gcc/arm-none-eabi/7.2.1/../../../../arm-none-eabi/lib/thumb/v7e-m/libg_nano.a(lib_a-errno.o)
 .ARM.attributes
                0x0000000000000954       0x2e /usr/bin/../lib/gcc/arm-none-eabi/7.2.1/../../../../arm-none-eabi/lib/thumb/v7e-m/libg_nano.a(lib_a-impure.o)
 .ARM.attributes
                0x0000000000000982       0x2e /usr/bin/../lib/gcc/arm-none-eabi/7.2.1/../../../../arm-none-eabi/lib/thumb/v7e-m/libg_nano.a(lib_a-init.o)
 .ARM.attributes
                0x00000000000009b0       0x2e /usr/bin/../lib/gcc/arm-none-eabi/7.2.1/../../../../arm-none-eabi/lib/thumb/v7e-m/libg_nano.a(lib_a-memset.o)
 .ARM.attributes
                0x00000000000009de       0x2e /usr/bin/../lib/gcc/arm-none-eabi/7.2.1/../../../../arm-none-eabi/lib/thumb/v7e-m/libg_nano.a(lib_a-nano-vfprintf_float.o)
 .ARM.attributes
                0x0000000000000a0c       0x2e /usr/bin/../lib/gcc/arm-none-eabi/7.2.1/../../../../arm-none-eabi/lib/thumb/v7e-m/libg_nano.a(lib_a-nano-vfprintf_i.o)
 .ARM.attributes
                0x0000000000000a3a       0x17 /usr/bin/../lib/gcc/arm-none-eabi/7.2.1/../../../../arm-none-eabi/lib/thumb/v7e-m/libg_nano.a(lib_a-strlen.o)
 .ARM.attributes
                0x0000000000000a51       0x2e /usr/bin/../lib/gcc/arm-none-eabi/7.2.1/../../../../arm-none-eabi/lib/thumb/v7e-m/libg_nano.a(lib_a-dtoa.o)
 .ARM.attributes
                0x0000000000000a7f       0x2e /usr/bin/../lib/gcc/arm-none-eabi/7.2.1/../../../../arm-none-eabi/lib/thumb/v7e-m/libg_nano.a(lib_a-localeconv.o)
 .ARM.attributes
                0x0000000000000aad       0x2e /usr/bin/../lib/gcc/arm-none-eabi/7.2.1/../../../../arm-none-eabi/lib/thumb/v7e-m/libg_nano.a(lib_a-malloc.o)
 .ARM.attributes
                0x0000000000000adb       0x2e /usr/bin/../lib/gcc/arm-none-eabi/7.2.1/../../../../arm-none-eabi/lib/thumb/v7e-m/libg_nano.a(lib_a-memcpy-stub.o)
 .ARM.attributes
                0x0000000000000b09       0x2e /usr/bin/../lib/gcc/arm-none-eabi/7.2.1/../../../../arm-none-eabi/lib/thumb/v7e-m/libg_nano.a(lib_a-mprec.o)
 .ARM.attributes
                0x0000000000000b37       0x2e /usr/bin/../lib/gcc/arm-none-eabi/7.2.1/../../../../arm-none-eabi/lib/thumb/v7e-m/libg_nano.a(lib_a-nano-callocr.o)
 .ARM.attributes
                0x0000000000000b65       0x2e /usr/bin/../lib/gcc/arm-none-eabi/7.2.1/../../../../arm-none-eabi/lib/thumb/v7e-m/libg_nano.a(lib_a-nano-mallocr.o)
 .ARM.attributes
                0x0000000000000b93       0x2e /usr/bin/../lib/gcc/arm-none-eabi/7.2.1/../../../../arm-none-eabi/lib/thumb/v7e-m/libg_nano.a(lib_a-sbrkr.o)
 .ARM.attributes
                0x0000000000000bc1       0x2e /usr/bin/../lib/gcc/arm-none-eabi/7.2.1/../../../../arm-none-eabi/lib/thumb/v7e-m/libg_nano.a(lib_a-locale.o)
 .ARM.attributes
                0x0000000000000bef       0x2e /usr/bin/../lib/gcc/arm-none-eabi/7.2.1/../../../../arm-none-eabi/lib/thumb/v7e-m/libg_nano.a(lib_a-mbtowc_r.o)
 .ARM.attributes
                0x0000000000000c1d       0x2e /usr/bin/../lib/gcc/arm-none-eabi/7.2.1/../../../../arm-none-eabi/lib/thumb/v7e-m/libg_nano.a(lib_a-mlock.o)
 .ARM.attributes
                0x0000000000000c4b       0x2e /usr/bin/../lib/gcc/arm-none-eabi/7.2.1/../../../../arm-none-eabi/lib/thumb/v7e-m/libg_nano.a(lib_a-reent.o)
 .ARM.attributes
                0x0000000000000c79       0x2e /usr/bin/../lib/gcc/arm-none-eabi/7.2.1/../../../../arm-none-eabi/lib/thumb/v7e-m/libg_nano.a(lib_a-wctomb_r.o)
 .ARM.attributes
                0x0000000000000ca7       0x2e /usr/bin/../lib/gcc/arm-none-eabi/7.2.1/../../../../arm-none-eabi/lib/thumb/v7e-m/libg_nano.a(lib_a-ctype_.o)
 .ARM.attributes
                0x0000000000000cd5       0x1e /usr/bin/../lib/gcc/arm-none-eabi/7.2.1/thumb/v7e-m/libgcc.a(_arm_unorddf2.o)
 .ARM.attributes
                0x0000000000000cf3       0x1e /usr/bin/../lib/gcc/arm-none-eabi/7.2.1/thumb/v7e-m/crtn.o
OUTPUT(NARA.elf elf32-littlearm)

.debug_info     0x0000000000000000    0x34a63
 .debug_info    0x0000000000000000     0x1c66 Drivers/STM32H7xx_HAL_Driver/Src/stm32h7xx_hal.o
 .debug_info    0x0000000000001c66     0x1f1c Drivers/STM32H7xx_HAL_Driver/Src/stm32h7xx_hal_adc.o
 .debug_info    0x0000000000003b82     0x1e88 Drivers/STM32H7xx_HAL_Driver/Src/stm32h7xx_hal_adc_ex.o
 .debug_info    0x0000000000005a0a     0x18df Drivers/STM32H7xx_HAL_Driver/Src/stm32h7xx_hal_cortex.o
 .debug_info    0x00000000000072e9     0x1385 Drivers/STM32H7xx_HAL_Driver/Src/stm32h7xx_hal_dma.o
 .debug_info    0x000000000000866e     0x1486 Drivers/STM32H7xx_HAL_Driver/Src/stm32h7xx_hal_gpio.o
 .debug_info    0x0000000000009af4     0x2575 Drivers/STM32H7xx_HAL_Driver/Src/stm32h7xx_hal_i2c.o
 .debug_info    0x000000000000c069     0x15e6 Drivers/STM32H7xx_HAL_Driver/Src/stm32h7xx_hal_i2c_ex.o
 .debug_info    0x000000000000d64f     0x18f6 Drivers/STM32H7xx_HAL_Driver/Src/stm32h7xx_hal_rcc.o
 .debug_info    0x000000000000ef45     0x1ba3 Drivers/STM32H7xx_HAL_Driver/Src/stm32h7xx_hal_rcc_ex.o
 .debug_info    0x0000000000010ae8     0x1311 Drivers/STM32H7xx_HAL_Driver/Src/stm32h7xx_hal_smbus.o
 .debug_info    0x0000000000011df9     0x1c79 Drivers/STM32H7xx_HAL_Driver/Src/stm32h7xx_hal_spi.o
 .debug_info    0x0000000000013a72     0x2c3b Drivers/STM32H7xx_HAL_Driver/Src/stm32h7xx_hal_tim.o
 .debug_info    0x00000000000166ad     0x1b32 Drivers/STM32H7xx_HAL_Driver/Src/stm32h7xx_hal_tim_ex.o
 .debug_info    0x00000000000181df     0x20f2 Drivers/STM32H7xx_HAL_Driver/Src/stm32h7xx_hal_uart.o
 .debug_info    0x000000000001a2d1     0x11ce Drivers/STM32H7xx_HAL_Driver/Src/stm32h7xx_hal_uart_ex.o
 .debug_info    0x000000000001b49f     0x16e2 Src/adc.o
 .debug_info    0x000000000001cb81      0xed6 Src/gpio.o
 .debug_info    0x000000000001da57     0x16ba Src/i2c.o
 .debug_info    0x000000000001f111     0x2fba Src/main.o
 .debug_info    0x00000000000220cb      0xccd Src/middleware/controls/mainControl/mainControl.o
 .debug_info    0x0000000000022d98      0xc95 Src/middleware/controls/mainControl/positionControl.o
 .debug_info    0x0000000000023a2d      0xdb9 Src/middleware/controls/mainControl/speedControl.o
 .debug_info    0x00000000000247e6      0xb32 Src/middleware/controls/mainControl/transfertFunction.o
 .debug_info    0x0000000000025318      0xbc5 Src/middleware/controls/pidController/pidController.o
 .debug_info    0x0000000000025edd     0x100b Src/peripherals/callback/user_it_callback.o
 .debug_info    0x0000000000026ee8     0x1187 Src/peripherals/encoders/encoder.o
 .debug_info    0x000000000002806f     0x1462 Src/peripherals/motors/bldc.o
 .debug_info    0x00000000000294d1     0x12ca Src/peripherals/times_base/times_base.o
 .debug_info    0x000000000002a79b     0x1200 Src/peripherals/tone/tone.o
 .debug_info    0x000000000002b99b     0x150a Src/spi.o
 .debug_info    0x000000000002cea5     0x10a0 Src/stm32h7xx_hal_msp.o
 .debug_info    0x000000000002df45     0x143c Src/stm32h7xx_it.o
 .debug_info    0x000000000002f381      0xf2a Src/syscalls.o
 .debug_info    0x00000000000302ab     0x117b Src/system_stm32h7xx.o
 .debug_info    0x0000000000031426     0x1da5 Src/tim.o
 .debug_info    0x00000000000331cb     0x1876 Src/usart.o
 .debug_info    0x0000000000034a41       0x22 startup/startup_stm32h743xx.o

.debug_abbrev   0x0000000000000000     0x6191
 .debug_abbrev  0x0000000000000000      0x34e Drivers/STM32H7xx_HAL_Driver/Src/stm32h7xx_hal.o
 .debug_abbrev  0x000000000000034e      0x2b8 Drivers/STM32H7xx_HAL_Driver/Src/stm32h7xx_hal_adc.o
 .debug_abbrev  0x0000000000000606      0x312 Drivers/STM32H7xx_HAL_Driver/Src/stm32h7xx_hal_adc_ex.o
 .debug_abbrev  0x0000000000000918      0x3b6 Drivers/STM32H7xx_HAL_Driver/Src/stm32h7xx_hal_cortex.o
 .debug_abbrev  0x0000000000000cce      0x2a2 Drivers/STM32H7xx_HAL_Driver/Src/stm32h7xx_hal_dma.o
 .debug_abbrev  0x0000000000000f70      0x2a2 Drivers/STM32H7xx_HAL_Driver/Src/stm32h7xx_hal_gpio.o
 .debug_abbrev  0x0000000000001212      0x2df Drivers/STM32H7xx_HAL_Driver/Src/stm32h7xx_hal_i2c.o
 .debug_abbrev  0x00000000000014f1      0x270 Drivers/STM32H7xx_HAL_Driver/Src/stm32h7xx_hal_i2c_ex.o
 .debug_abbrev  0x0000000000001761      0x30b Drivers/STM32H7xx_HAL_Driver/Src/stm32h7xx_hal_rcc.o
 .debug_abbrev  0x0000000000001a6c      0x324 Drivers/STM32H7xx_HAL_Driver/Src/stm32h7xx_hal_rcc_ex.o
 .debug_abbrev  0x0000000000001d90      0x2c7 Drivers/STM32H7xx_HAL_Driver/Src/stm32h7xx_hal_smbus.o
 .debug_abbrev  0x0000000000002057      0x2ee Drivers/STM32H7xx_HAL_Driver/Src/stm32h7xx_hal_spi.o
 .debug_abbrev  0x0000000000002345      0x2e7 Drivers/STM32H7xx_HAL_Driver/Src/stm32h7xx_hal_tim.o
 .debug_abbrev  0x000000000000262c      0x2c4 Drivers/STM32H7xx_HAL_Driver/Src/stm32h7xx_hal_tim_ex.o
 .debug_abbrev  0x00000000000028f0      0x2fb Drivers/STM32H7xx_HAL_Driver/Src/stm32h7xx_hal_uart.o
 .debug_abbrev  0x0000000000002beb      0x288 Drivers/STM32H7xx_HAL_Driver/Src/stm32h7xx_hal_uart_ex.o
 .debug_abbrev  0x0000000000002e73      0x24c Src/adc.o
 .debug_abbrev  0x00000000000030bf      0x216 Src/gpio.o
 .debug_abbrev  0x00000000000032d5      0x275 Src/i2c.o
 .debug_abbrev  0x000000000000354a      0x2a0 Src/main.o
 .debug_abbrev  0x00000000000037ea      0x292 Src/middleware/controls/mainControl/mainControl.o
 .debug_abbrev  0x0000000000003a7c      0x28b Src/middleware/controls/mainControl/positionControl.o
 .debug_abbrev  0x0000000000003d07      0x285 Src/middleware/controls/mainControl/speedControl.o
 .debug_abbrev  0x0000000000003f8c      0x22d Src/middleware/controls/mainControl/transfertFunction.o
 .debug_abbrev  0x00000000000041b9      0x284 Src/middleware/controls/pidController/pidController.o
 .debug_abbrev  0x000000000000443d      0x233 Src/peripherals/callback/user_it_callback.o
 .debug_abbrev  0x0000000000004670      0x2bd Src/peripherals/encoders/encoder.o
 .debug_abbrev  0x000000000000492d      0x2cc Src/peripherals/motors/bldc.o
 .debug_abbrev  0x0000000000004bf9      0x28a Src/peripherals/times_base/times_base.o
 .debug_abbrev  0x0000000000004e83      0x291 Src/peripherals/tone/tone.o
 .debug_abbrev  0x0000000000005114      0x241 Src/spi.o
 .debug_abbrev  0x0000000000005355      0x214 Src/stm32h7xx_hal_msp.o
 .debug_abbrev  0x0000000000005569      0x227 Src/stm32h7xx_it.o
 .debug_abbrev  0x0000000000005790      0x2a7 Src/syscalls.o
 .debug_abbrev  0x0000000000005a37      0x264 Src/system_stm32h7xx.o
 .debug_abbrev  0x0000000000005c9b      0x29a Src/tim.o
 .debug_abbrev  0x0000000000005f35      0x24a Src/usart.o
 .debug_abbrev  0x000000000000617f       0x12 startup/startup_stm32h743xx.o

.debug_aranges  0x0000000000000000     0x1a28
 .debug_aranges
                0x0000000000000000      0x1a0 Drivers/STM32H7xx_HAL_Driver/Src/stm32h7xx_hal.o
 .debug_aranges
                0x00000000000001a0       0xf8 Drivers/STM32H7xx_HAL_Driver/Src/stm32h7xx_hal_adc.o
 .debug_aranges
                0x0000000000000298      0x100 Drivers/STM32H7xx_HAL_Driver/Src/stm32h7xx_hal_adc_ex.o
 .debug_aranges
                0x0000000000000398      0x110 Drivers/STM32H7xx_HAL_Driver/Src/stm32h7xx_hal_cortex.o
 .debug_aranges
                0x00000000000004a8       0xa0 Drivers/STM32H7xx_HAL_Driver/Src/stm32h7xx_hal_dma.o
 .debug_aranges
                0x0000000000000548       0x58 Drivers/STM32H7xx_HAL_Driver/Src/stm32h7xx_hal_gpio.o
 .debug_aranges
                0x00000000000005a0      0x260 Drivers/STM32H7xx_HAL_Driver/Src/stm32h7xx_hal_i2c.o
 .debug_aranges
                0x0000000000000800       0x48 Drivers/STM32H7xx_HAL_Driver/Src/stm32h7xx_hal_i2c_ex.o
 .debug_aranges
                0x0000000000000848       0x80 Drivers/STM32H7xx_HAL_Driver/Src/stm32h7xx_hal_rcc.o
 .debug_aranges
                0x00000000000008c8       0xe0 Drivers/STM32H7xx_HAL_Driver/Src/stm32h7xx_hal_rcc_ex.o
 .debug_aranges
                0x00000000000009a8      0x118 Drivers/STM32H7xx_HAL_Driver/Src/stm32h7xx_hal_smbus.o
 .debug_aranges
                0x0000000000000ac0      0x1d0 Drivers/STM32H7xx_HAL_Driver/Src/stm32h7xx_hal_spi.o
 .debug_aranges
                0x0000000000000c90      0x378 Drivers/STM32H7xx_HAL_Driver/Src/stm32h7xx_hal_tim.o
 .debug_aranges
                0x0000000000001008      0x158 Drivers/STM32H7xx_HAL_Driver/Src/stm32h7xx_hal_tim_ex.o
 .debug_aranges
                0x0000000000001160      0x1e8 Drivers/STM32H7xx_HAL_Driver/Src/stm32h7xx_hal_uart.o
 .debug_aranges
                0x0000000000001348       0x50 Drivers/STM32H7xx_HAL_Driver/Src/stm32h7xx_hal_uart_ex.o
 .debug_aranges
                0x0000000000001398       0x38 Src/adc.o
 .debug_aranges
                0x00000000000013d0       0x20 Src/gpio.o
 .debug_aranges
                0x00000000000013f0       0x58 Src/i2c.o
 .debug_aranges
                0x0000000000001448       0x40 Src/main.o
 .debug_aranges
                0x0000000000001488       0x60 Src/middleware/controls/mainControl/mainControl.o
 .debug_aranges
                0x00000000000014e8       0x60 Src/middleware/controls/mainControl/positionControl.o
 .debug_aranges
                0x0000000000001548       0x58 Src/middleware/controls/mainControl/speedControl.o
 .debug_aranges
                0x00000000000015a0       0x30 Src/middleware/controls/mainControl/transfertFunction.o
 .debug_aranges
                0x00000000000015d0       0x30 Src/middleware/controls/pidController/pidController.o
 .debug_aranges
                0x0000000000001600       0x20 Src/peripherals/callback/user_it_callback.o
 .debug_aranges
                0x0000000000001620       0x68 Src/peripherals/encoders/encoder.o
 .debug_aranges
                0x0000000000001688       0x58 Src/peripherals/motors/bldc.o
 .debug_aranges
                0x00000000000016e0       0x40 Src/peripherals/times_base/times_base.o
 .debug_aranges
                0x0000000000001720       0x68 Src/peripherals/tone/tone.o
 .debug_aranges
                0x0000000000001788       0x30 Src/spi.o
 .debug_aranges
                0x00000000000017b8       0x20 Src/stm32h7xx_hal_msp.o
 .debug_aranges
                0x00000000000017d8       0xa8 Src/stm32h7xx_it.o
 .debug_aranges
                0x0000000000001880       0xb0 Src/syscalls.o
 .debug_aranges
                0x0000000000001930       0x28 Src/system_stm32h7xx.o
 .debug_aranges
                0x0000000000001958       0x78 Src/tim.o
 .debug_aranges
                0x00000000000019d0       0x30 Src/usart.o
 .debug_aranges
                0x0000000000001a00       0x28 startup/startup_stm32h743xx.o

.debug_ranges   0x0000000000000000     0x17d0
 .debug_ranges  0x0000000000000000      0x190 Drivers/STM32H7xx_HAL_Driver/Src/stm32h7xx_hal.o
 .debug_ranges  0x0000000000000190       0xe8 Drivers/STM32H7xx_HAL_Driver/Src/stm32h7xx_hal_adc.o
 .debug_ranges  0x0000000000000278       0xf0 Drivers/STM32H7xx_HAL_Driver/Src/stm32h7xx_hal_adc_ex.o
 .debug_ranges  0x0000000000000368      0x100 Drivers/STM32H7xx_HAL_Driver/Src/stm32h7xx_hal_cortex.o
 .debug_ranges  0x0000000000000468       0x90 Drivers/STM32H7xx_HAL_Driver/Src/stm32h7xx_hal_dma.o
 .debug_ranges  0x00000000000004f8       0x48 Drivers/STM32H7xx_HAL_Driver/Src/stm32h7xx_hal_gpio.o
 .debug_ranges  0x0000000000000540      0x250 Drivers/STM32H7xx_HAL_Driver/Src/stm32h7xx_hal_i2c.o
 .debug_ranges  0x0000000000000790       0x38 Drivers/STM32H7xx_HAL_Driver/Src/stm32h7xx_hal_i2c_ex.o
 .debug_ranges  0x00000000000007c8       0x70 Drivers/STM32H7xx_HAL_Driver/Src/stm32h7xx_hal_rcc.o
 .debug_ranges  0x0000000000000838       0xd0 Drivers/STM32H7xx_HAL_Driver/Src/stm32h7xx_hal_rcc_ex.o
 .debug_ranges  0x0000000000000908      0x108 Drivers/STM32H7xx_HAL_Driver/Src/stm32h7xx_hal_smbus.o
 .debug_ranges  0x0000000000000a10      0x1c0 Drivers/STM32H7xx_HAL_Driver/Src/stm32h7xx_hal_spi.o
 .debug_ranges  0x0000000000000bd0      0x368 Drivers/STM32H7xx_HAL_Driver/Src/stm32h7xx_hal_tim.o
 .debug_ranges  0x0000000000000f38      0x148 Drivers/STM32H7xx_HAL_Driver/Src/stm32h7xx_hal_tim_ex.o
 .debug_ranges  0x0000000000001080      0x1d8 Drivers/STM32H7xx_HAL_Driver/Src/stm32h7xx_hal_uart.o
 .debug_ranges  0x0000000000001258       0x40 Drivers/STM32H7xx_HAL_Driver/Src/stm32h7xx_hal_uart_ex.o
 .debug_ranges  0x0000000000001298       0x28 Src/adc.o
 .debug_ranges  0x00000000000012c0       0x10 Src/gpio.o
 .debug_ranges  0x00000000000012d0       0x48 Src/i2c.o
 .debug_ranges  0x0000000000001318       0x30 Src/main.o
 .debug_ranges  0x0000000000001348       0x50 Src/middleware/controls/mainControl/mainControl.o
 .debug_ranges  0x0000000000001398       0x50 Src/middleware/controls/mainControl/positionControl.o
 .debug_ranges  0x00000000000013e8       0x48 Src/middleware/controls/mainControl/speedControl.o
 .debug_ranges  0x0000000000001430       0x20 Src/middleware/controls/mainControl/transfertFunction.o
 .debug_ranges  0x0000000000001450       0x20 Src/middleware/controls/pidController/pidController.o
 .debug_ranges  0x0000000000001470       0x10 Src/peripherals/callback/user_it_callback.o
 .debug_ranges  0x0000000000001480       0x58 Src/peripherals/encoders/encoder.o
 .debug_ranges  0x00000000000014d8       0x48 Src/peripherals/motors/bldc.o
 .debug_ranges  0x0000000000001520       0x30 Src/peripherals/times_base/times_base.o
 .debug_ranges  0x0000000000001550       0x58 Src/peripherals/tone/tone.o
 .debug_ranges  0x00000000000015a8       0x20 Src/spi.o
 .debug_ranges  0x00000000000015c8       0x10 Src/stm32h7xx_hal_msp.o
 .debug_ranges  0x00000000000015d8       0x98 Src/stm32h7xx_it.o
 .debug_ranges  0x0000000000001670       0xa0 Src/syscalls.o
 .debug_ranges  0x0000000000001710       0x18 Src/system_stm32h7xx.o
 .debug_ranges  0x0000000000001728       0x68 Src/tim.o
 .debug_ranges  0x0000000000001790       0x20 Src/usart.o
 .debug_ranges  0x00000000000017b0       0x20 startup/startup_stm32h743xx.o

.debug_line     0x0000000000000000     0xeed6
 .debug_line    0x0000000000000000      0x65d Drivers/STM32H7xx_HAL_Driver/Src/stm32h7xx_hal.o
 .debug_line    0x000000000000065d      0xe49 Drivers/STM32H7xx_HAL_Driver/Src/stm32h7xx_hal_adc.o
 .debug_line    0x00000000000014a6      0xc32 Drivers/STM32H7xx_HAL_Driver/Src/stm32h7xx_hal_adc_ex.o
 .debug_line    0x00000000000020d8      0x578 Drivers/STM32H7xx_HAL_Driver/Src/stm32h7xx_hal_cortex.o
 .debug_line    0x0000000000002650      0x91c Drivers/STM32H7xx_HAL_Driver/Src/stm32h7xx_hal_dma.o
 .debug_line    0x0000000000002f6c      0x48f Drivers/STM32H7xx_HAL_Driver/Src/stm32h7xx_hal_gpio.o
 .debug_line    0x00000000000033fb     0x135c Drivers/STM32H7xx_HAL_Driver/Src/stm32h7xx_hal_i2c.o
 .debug_line    0x0000000000004757      0x3cf Drivers/STM32H7xx_HAL_Driver/Src/stm32h7xx_hal_i2c_ex.o
 .debug_line    0x0000000000004b26      0x68b Drivers/STM32H7xx_HAL_Driver/Src/stm32h7xx_hal_rcc.o
 .debug_line    0x00000000000051b1      0x9a1 Drivers/STM32H7xx_HAL_Driver/Src/stm32h7xx_hal_rcc_ex.o
 .debug_line    0x0000000000005b52      0x910 Drivers/STM32H7xx_HAL_Driver/Src/stm32h7xx_hal_smbus.o
 .debug_line    0x0000000000006462      0xd08 Drivers/STM32H7xx_HAL_Driver/Src/stm32h7xx_hal_spi.o
 .debug_line    0x000000000000716a     0x15b9 Drivers/STM32H7xx_HAL_Driver/Src/stm32h7xx_hal_tim.o
 .debug_line    0x0000000000008723      0x939 Drivers/STM32H7xx_HAL_Driver/Src/stm32h7xx_hal_tim_ex.o
 .debug_line    0x000000000000905c      0xe0d Drivers/STM32H7xx_HAL_Driver/Src/stm32h7xx_hal_uart.o
 .debug_line    0x0000000000009e69      0x3c6 Drivers/STM32H7xx_HAL_Driver/Src/stm32h7xx_hal_uart_ex.o